Apr 23 14:58:55 pop-os kernel: [14962.854400] e1000e 0000:00:1f.6 enp0s31f6: NIC Link is Down
Apr 23 14:58:55 pop-os kernel: [14963.082698] usb 1-8: new full-speed USB device number 16 using xhci_hcd
Apr 23 14:58:55 pop-os kernel: [14963.232794] usb 1-8: New USB device found, idVendor=8087, idProduct=0a2b, bcdDevice= 0.01
Apr 23 14:58:55 pop-os kernel: [14963.232811] usb 1-8: New USB device strings: Mfr=0, Product=0, SerialNumber=0
Apr 23 14:58:55 pop-os kernel: [14963.243568] Bluetooth: hci0: Bootloader revision 0.0 build 2 week 52 2014
Apr 23 14:58:55 pop-os kernel: [14963.250498] Bluetooth: hci0: Device revision is 5
Apr 23 14:58:55 pop-os kernel: [14963.250513] Bluetooth: hci0: Secure boot is enabled
Apr 23 14:58:55 pop-os kernel: [14963.250520] Bluetooth: hci0: OTP lock is enabled
Apr 23 14:58:55 pop-os kernel: [14963.250526] Bluetooth: hci0: API lock is enabled
Apr 23 14:58:55 pop-os kernel: [14963.250531] Bluetooth: hci0: Debug lock is disabled
Apr 23 14:58:55 pop-os kernel: [14963.250537] Bluetooth: hci0: Minimum firmware build 1 week 10 2014
Apr 23 14:58:55 pop-os kernel: [14963.252972] Bluetooth: hci0: Found device firmware: intel/ibt-11-5.sfi
Apr 23 14:58:57 pop-os kernel: [14965.109520] Bluetooth: hci0: Waiting for firmware download to complete
Apr 23 14:58:57 pop-os kernel: [14965.110395] Bluetooth: hci0: Firmware loaded in 1813885 usecs
Apr 23 14:58:57 pop-os kernel: [14965.110516] Bluetooth: hci0: Waiting for device to boot
Apr 23 14:58:57 pop-os kernel: [14965.122611] Bluetooth: hci0: Device booted in 11861 usecs
Apr 23 14:58:57 pop-os kernel: [14965.122682] Bluetooth: hci0: Malformed MSFT vendor event: 0x02
Apr 23 14:58:57 pop-os kernel: [14965.123259] Bluetooth: hci0: Found Intel DDC parameters: intel/ibt-11-5.ddc
Apr 23 14:58:57 pop-os kernel: [14965.127665] Bluetooth: hci0: Applying Intel DDC parameters completed
Apr 23 14:58:57 pop-os kernel: [14965.128643] Bluetooth: hci0: Firmware revision 0.0 build 14 week 44 2021
Apr 23 14:58:57 pop-os kernel: [14965.175970] Bluetooth: MGMT ver 1.22
Apr 23 14:58:59 pop-os kernel: [14966.779922] wlp1s0: authenticate with b8:80:35:c6:d9:ec
Apr 23 14:58:59 pop-os kernel: [14966.788694] wlp1s0: send auth to b8:80:35:c6:d9:ec (try 1/3)
Apr 23 14:58:59 pop-os kernel: [14966.797702] wlp1s0: authenticated
Apr 23 14:58:59 pop-os kernel: [14966.798827] wlp1s0: associate with b8:80:35:c6:d9:ec (try 1/3)
Apr 23 14:58:59 pop-os kernel: [14966.804837] wlp1s0: RX AssocResp from b8:80:35:c6:d9:ec (capab=0x31 status=0 aid=3)
Apr 23 14:58:59 pop-os kernel: [14966.821241] wlp1s0: associated
Apr 23 14:58:59 pop-os kernel: [14966.956612] IPv6: ADDRCONF(NETDEV_CHANGE): wlp1s0: link becomes ready
Apr 23 15:14:35 pop-os kernel: [15902.304870] input: 联想 thinkplus-XT92 (AVRCP) as /devices/virtual/input/input18
Apr 23 15:52:27 pop-os kernel: [18173.899652] Bluetooth: hci0: corrupted SCO packet
Apr 23 15:52:27 pop-os kernel: [18173.899664] Bluetooth: hci0: corrupted SCO packet
Apr 23 15:52:27 pop-os kernel: [18173.899668] Bluetooth: hci0: corrupted SCO packet
Apr 23 15:52:27 pop-os kernel: [18173.899671] Bluetooth: hci0: corrupted SCO packet
Apr 23 15:52:27 pop-os kernel: [18173.899674] Bluetooth: hci0: corrupted SCO packet
Apr 23 15:52:27 pop-os kernel: [18173.899677] Bluetooth: hci0: corrupted SCO packet
Apr 23 15:52:27 pop-os kernel: [18173.899680] Bluetooth: hci0: corrupted SCO packet
Apr 23 15:52:27 pop-os kernel: [18173.899683] Bluetooth: hci0: corrupted SCO packet
Apr 23 15:52:27 pop-os kernel: [18173.899685] Bluetooth: hci0: corrupted SCO packet
Apr 23 15:52:27 pop-os kernel: [18173.899688] Bluetooth: hci0: corrupted SCO packet
Apr 23 15:52:27 pop-os kernel: [18173.909725] Bluetooth: hci0: corrupted SCO packet
Apr 23 15:52:27 pop-os kernel: [18173.909733] Bluetooth: hci0: corrupted SCO packet
Apr 23 15:52:37 pop-os kernel: [18183.489662] Bluetooth: hci0: corrupted SCO packet
Apr 23 15:52:37 pop-os kernel: [18183.489687] Bluetooth: hci0: corrupted SCO packet
Apr 23 16:28:14 pop-os kernel: [18183.505313] Bluetooth: hci0: SCO packet for unknown connection handle 257
Apr 23 16:28:14 pop-os kernel: [20320.399539] SUPR0GipMap: fGetGipCpu=0x1b
Apr 23 16:28:15 pop-os kernel: [20321.898529] vboxdrv: 0000000000000000 VMMR0.r0
Apr 23 16:28:15 pop-os kernel: [20322.123672] vboxdrv: 0000000000000000 VBoxDDR0.r0
Apr 23 16:28:15 pop-os kernel: [20322.171524] VBoxNetFlt: attached to 'wlp1s0' / f0:d5:bf:df:4a:6c
Apr 23 16:28:15 pop-os kernel: [20322.244755] VMMR0InitVM: eflags=246 fKernelFeatures=0x0 (SUPKERNELFEATURES_SMAP=0)
Apr 23 16:32:16 pop-os kernel: [20562.719208] Dynamic Preempt: voluntary
Apr 23 16:32:17 pop-os kernel: [20563.635913] Dynamic Preempt: full
Apr 23 17:34:43 pop-os kernel: [24309.821915] vboxnetflt: 0 out of 6085704 packets were not sent (directed to host)
Apr 23 17:37:37 pop-os kernel: [24483.871159] Bluetooth: hci0: corrupted SCO packet
Apr 23 17:37:37 pop-os kernel: [24483.871167] Bluetooth: hci0: corrupted SCO packet
Apr 23 17:37:37 pop-os kernel: [24483.871168] Bluetooth: hci0: corrupted SCO packet
Apr 23 17:37:37 pop-os kernel: [24483.871170] Bluetooth: hci0: corrupted SCO packet
Apr 23 17:37:37 pop-os kernel: [24483.871172] Bluetooth: hci0: corrupted SCO packet
Apr 23 17:37:37 pop-os kernel: [24483.871173] Bluetooth: hci0: corrupted SCO packet
Apr 23 17:37:37 pop-os kernel: [24483.871175] Bluetooth: hci0: corrupted SCO packet
Apr 23 17:37:37 pop-os kernel: [24483.871176] Bluetooth: hci0: corrupted SCO packet
Apr 23 17:37:37 pop-os kernel: [24483.871178] Bluetooth: hci0: corrupted SCO packet
Apr 23 17:37:37 pop-os kernel: [24483.871179] Bluetooth: hci0: corrupted SCO packet
Apr 23 17:37:37 pop-os kernel: [24483.881157] Bluetooth: hci0: corrupted SCO packet
Apr 23 17:37:40 pop-os kernel: [24487.081394] Bluetooth: hci0: corrupted SCO packet
Apr 23 17:37:40 pop-os kernel: [24487.081402] Bluetooth: hci0: corrupted SCO packet
Apr 23 17:37:40 pop-os kernel: [24487.081405] Bluetooth: hci0: corrupted SCO packet
Apr 23 17:37:40 pop-os kernel: [24487.081408] Bluetooth: hci0: corrupted SCO packet
Apr 23 17:37:40 pop-os kernel: [24487.081410] Bluetooth: hci0: corrupted SCO packet
Apr 23 17:37:40 pop-os kernel: [24487.081412] Bluetooth: hci0: corrupted SCO packet
Apr 23 18:15:19 pop-os kernel: [24487.100839] Bluetooth: hci0: SCO packet for unknown connection handle 257
Apr 23 18:15:19 pop-os kernel: [26745.372205] device wlp1s0 entered promiscuous mode
Apr 23 18:15:23 pop-os kernel: [26750.228922] device wlp1s0 left promiscuous mode
Apr 23 18:17:12 pop-os kernel: [26859.245305] device wlp1s0 entered promiscuous mode
Apr 23 18:17:23 pop-os kernel: [26870.048110] device wlp1s0 left promiscuous mode
Apr 23 18:45:21 pop-os kernel: [28548.018674] rfkill: input handler enabled
Apr 23 18:45:21 pop-os blkmapd[607]: exit on signal(15)
Apr 24 10:15:35 pop-os blkmapd[610]: open pipe file /run/rpc_pipefs/nfs/blocklayout failed: No such file or directory
Apr 24 10:15:35 pop-os kernel: [    0.000000] microcode: microcode updated early to revision 0xf0, date = 2021-11-12
Apr 24 10:15:35 pop-os kernel: [    0.000000] Linux version 6.2.6-76060206-generic (jenkins@warp.pop-os.org) (x86_64-linux-gnu-gcc-12 (Ubuntu 12.1.0-2ubuntu1~22.04) 12.1.0, GNU ld (GNU Binutils for Ubuntu) 2.38) #202303130630~1681329778~22.04~d824cd4 SMP PREEMPT_DYNAMIC Wed A
Apr 24 10:15:35 pop-os kernel: [    0.000000] Command line: BOOT_IMAGE=/boot/vmlinuz-6.2.6-76060206-generic root=UUID=7164ffd8-d6e5-4c21-93e9-a9c32626bd4c ro quiet splash vt.handoff=7
Apr 24 10:15:35 pop-os kernel: [    0.000000] KERNEL supported cpus:
Apr 24 10:15:35 pop-os kernel: [    0.000000]   Intel GenuineIntel
Apr 24 10:15:35 pop-os kernel: [    0.000000]   AMD AuthenticAMD
Apr 24 10:15:35 pop-os kernel: [    0.000000]   Hygon HygonGenuine
Apr 24 10:15:35 pop-os kernel: [    0.000000]   Centaur CentaurHauls
Apr 24 10:15:35 pop-os kernel: [    0.000000]   zhaoxin   Shanghai  
Apr 24 10:15:35 pop-os kernel: [    0.000000] x86/fpu: Supporting XSAVE feature 0x001: 'x87 floating point registers'
Apr 24 10:15:35 pop-os kernel: [    0.000000] x86/fpu: Supporting XSAVE feature 0x002: 'SSE registers'
Apr 24 10:15:35 pop-os kernel: [    0.000000] x86/fpu: Supporting XSAVE feature 0x004: 'AVX registers'
Apr 24 10:15:35 pop-os kernel: [    0.000000] x86/fpu: Supporting XSAVE feature 0x008: 'MPX bounds registers'
Apr 24 10:15:35 pop-os kernel: [    0.000000] x86/fpu: Supporting XSAVE feature 0x010: 'MPX CSR'
Apr 24 10:15:35 pop-os kernel: [    0.000000] x86/fpu: xstate_offset[2]:  576, xstate_sizes[2]:  256
Apr 24 10:15:35 pop-os kernel: [    0.000000] x86/fpu: xstate_offset[3]:  832, xstate_sizes[3]:   64
Apr 24 10:15:35 pop-os kernel: [    0.000000] x86/fpu: xstate_offset[4]:  896, xstate_sizes[4]:   64
Apr 24 10:15:35 pop-os kernel: [    0.000000] x86/fpu: Enabled xstate features 0x1f, context size is 960 bytes, using 'compacted' format.
Apr 24 10:15:35 pop-os kernel: [    0.000000] signal: max sigframe size: 2032
Apr 24 10:15:35 pop-os kernel: [    0.000000] BIOS-provided physical RAM map:
Apr 24 10:15:35 pop-os kernel: [    0.000000] BIOS-e820: [mem 0x0000000000000000-0x000000000009dbff] usable
Apr 24 10:15:35 pop-os kernel: [    0.000000] BIOS-e820: [mem 0x000000000009dc00-0x000000000009ffff] reserved
Apr 24 10:15:35 pop-os kernel: [    0.000000] BIOS-e820: [mem 0x00000000000e0000-0x00000000000fffff] reserved
Apr 24 10:15:35 pop-os kernel: [    0.000000] BIOS-e820: [mem 0x0000000000100000-0x000000009d447fff] usable
Apr 24 10:15:35 pop-os kernel: [    0.000000] BIOS-e820: [mem 0x000000009d448000-0x000000009d448fff] ACPI NVS
Apr 24 10:15:35 pop-os kernel: [    0.000000] BIOS-e820: [mem 0x000000009d449000-0x00000000ab7e4fff] reserved
Apr 24 10:15:35 pop-os kernel: [    0.000000] BIOS-e820: [mem 0x00000000ab7e5000-0x00000000ab81dfff] ACPI data
Apr 24 10:15:35 pop-os kernel: [    0.000000] BIOS-e820: [mem 0x00000000ab81e000-0x00000000abe5bfff] ACPI NVS
Apr 24 10:15:35 pop-os kernel: [    0.000000] BIOS-e820: [mem 0x00000000abe5c000-0x00000000afffffff] reserved
Apr 24 10:15:35 pop-os kernel: [    0.000000] BIOS-e820: [mem 0x00000000f0000000-0x00000000f7ffffff] reserved
Apr 24 10:15:35 pop-os kernel: [    0.000000] BIOS-e820: [mem 0x00000000fe000000-0x00000000fe010fff] reserved
Apr 24 10:15:35 pop-os kernel: [    0.000000] BIOS-e820: [mem 0x00000000fec00000-0x00000000fec00fff] reserved
Apr 24 10:15:35 pop-os kernel: [    0.000000] BIOS-e820: [mem 0x00000000fee00000-0x00000000fee00fff] reserved
Apr 24 10:15:35 pop-os kernel: [    0.000000] BIOS-e820: [mem 0x00000000ff000000-0x00000000ffffffff] reserved
Apr 24 10:15:35 pop-os kernel: [    0.000000] BIOS-e820: [mem 0x0000000100000000-0x000000024dffffff] usable
Apr 24 10:15:35 pop-os kernel: [    0.000000] NX (Execute Disable) protection: active
Apr 24 10:15:35 pop-os kernel: [    0.000000] SMBIOS 3.0.0 present.
Apr 24 10:15:35 pop-os kernel: [    0.000000] DMI: Dell Inc. Latitude E7270/0K4CNR, BIOS 1.20.3 08/20/2018
Apr 24 10:15:35 pop-os kernel: [    0.000000] tsc: Detected 2500.000 MHz processor
Apr 24 10:15:35 pop-os kernel: [    0.000000] tsc: Detected 2499.952 MHz TSC
Apr 24 10:15:35 pop-os kernel: [    0.001108] e820: update [mem 0x00000000-0x00000fff] usable ==> reserved
Apr 24 10:15:35 pop-os kernel: [    0.001112] e820: remove [mem 0x000a0000-0x000fffff] usable
Apr 24 10:15:35 pop-os kernel: [    0.001123] last_pfn = 0x24e000 max_arch_pfn = 0x400000000
Apr 24 10:15:35 pop-os kernel: [    0.001129] x86/PAT: Configuration [0-7]: WB  WC  UC- UC  WB  WP  UC- WT  
Apr 24 10:15:35 pop-os kernel: [    0.001800] last_pfn = 0x9d448 max_arch_pfn = 0x400000000
Apr 24 10:15:35 pop-os kernel: [    0.012224] found SMP MP-table at [mem 0x000fcda0-0x000fcdaf]
Apr 24 10:15:35 pop-os kernel: [    0.012243] Using GB pages for direct mapping
Apr 24 10:15:35 pop-os kernel: [    0.012668] RAMDISK: [mem 0x282a7000-0x3014afff]
Apr 24 10:15:35 pop-os kernel: [    0.012676] ACPI: Early table checksum verification disabled
Apr 24 10:15:35 pop-os kernel: [    0.012679] ACPI: RSDP 0x00000000000EA3E0 000024 (v02 DELL  )
Apr 24 10:15:35 pop-os kernel: [    0.012685] ACPI: XSDT 0x00000000AB7F10A8 0000CC (v01 DELL   CBX3     01072009 AMI  00010013)
Apr 24 10:15:35 pop-os kernel: [    0.012692] ACPI: FACP 0x00000000AB810B50 00010C (v05 DELL   CBX3     01072009 AMI  00010013)
Apr 24 10:15:35 pop-os kernel: [    0.012700] ACPI: DSDT 0x00000000AB7F1200 01F94F (v02 DELL   CBX3     01072009 INTL 20120913)
Apr 24 10:15:35 pop-os kernel: [    0.012705] ACPI: FACS 0x00000000ABE59E80 000040
Apr 24 10:15:35 pop-os kernel: [    0.012708] ACPI: APIC 0x00000000AB810C60 000084 (v03 DELL   CBX3     01072009 AMI  00010013)
Apr 24 10:15:35 pop-os kernel: [    0.012712] ACPI: FPDT 0x00000000AB810CE8 000044 (v01 DELL   CBX3     01072009 AMI  00010013)
Apr 24 10:15:35 pop-os kernel: [    0.012716] ACPI: MCFG 0x00000000AB810D30 00003C (v01 DELL   CBX3     01072009 MSFT 00000097)
Apr 24 10:15:35 pop-os kernel: [    0.012721] ACPI: HPET 0x00000000AB810D70 000038 (v01 DELL   CBX3     01072009 AMI. 0005000B)
Apr 24 10:15:35 pop-os kernel: [    0.012725] ACPI: SSDT 0x00000000AB810DA8 00046D (v01 SataRe SataTabl 00001000 INTL 20120913)
Apr 24 10:15:35 pop-os kernel: [    0.012729] ACPI: LPIT 0x00000000AB811218 000094 (v01 INTEL  SKL-ULT  00000000 MSFT 0000005F)
Apr 24 10:15:35 pop-os kernel: [    0.012733] ACPI: SSDT 0x00000000AB8112B0 000248 (v02 INTEL  sensrhub 00000000 INTL 20120913)
Apr 24 10:15:35 pop-os kernel: [    0.012737] ACPI: SSDT 0x00000000AB8114F8 002BAE (v02 INTEL  PtidDevc 00001000 INTL 20120913)
Apr 24 10:15:35 pop-os kernel: [    0.012742] ACPI: SSDT 0x00000000AB8140A8 000814 (v02 INTEL  xh_rvp07 00000000 INTL 20120913)
Apr 24 10:15:35 pop-os kernel: [    0.012746] ACPI: DBGP 0x00000000AB8148C0 000034 (v01 INTEL           00000000 MSFT 0000005F)
Apr 24 10:15:35 pop-os kernel: [    0.012750] ACPI: DBG2 0x00000000AB8148F8 000054 (v00 INTEL           00000000 MSFT 0000005F)
Apr 24 10:15:35 pop-os kernel: [    0.012754] ACPI: SSDT 0x00000000AB814950 0035DA (v02 SaSsdt SaSsdt   00003000 INTL 20120913)
Apr 24 10:15:35 pop-os kernel: [    0.012758] ACPI: UEFI 0x00000000AB817F30 000042 (v01                 00000000      00000000)
Apr 24 10:15:35 pop-os kernel: [    0.012762] ACPI: SSDT 0x00000000AB817F78 000E73 (v02 CpuRef CpuSsdt  00003000 INTL 20120913)
Apr 24 10:15:35 pop-os kernel: [    0.012766] ACPI: SSDT 0x00000000AB818DF0 003BFD (v02 DptfTa DptfTabl 00001000 INTL 20120913)
Apr 24 10:15:35 pop-os kernel: [    0.012770] ACPI: MSDM 0x00000000AB81C9F0 000055 (v03 DELL   CBX3     06222004 AMI  00010013)
Apr 24 10:15:35 pop-os kernel: [    0.012774] ACPI: SLIC 0x00000000AB81CA48 000176 (v03 DELL   CBX3     01072009 MSFT 00010013)
Apr 24 10:15:35 pop-os kernel: [    0.012778] ACPI: TCPA 0x00000000AB81CBC0 000032 (v02 ALASKA NAPAASF  00000000 MSFT 01000013)
Apr 24 10:15:35 pop-os kernel: [    0.012783] ACPI: DMAR 0x00000000AB81CBF8 0000A8 (v01 INTEL  SKL      00000001 INTL 00000001)
Apr 24 10:15:35 pop-os kernel: [    0.012787] ACPI: ASF! 0x00000000AB81CCA0 0000A5 (v32 INTEL   HCG     00000001 TFSM 000F4240)
Apr 24 10:15:35 pop-os kernel: [    0.012790] ACPI: Reserving FACP table memory at [mem 0xab810b50-0xab810c5b]
Apr 24 10:15:35 pop-os kernel: [    0.012792] ACPI: Reserving DSDT table memory at [mem 0xab7f1200-0xab810b4e]
Apr 24 10:15:35 pop-os kernel: [    0.012794] ACPI: Reserving FACS table memory at [mem 0xabe59e80-0xabe59ebf]
Apr 24 10:15:35 pop-os kernel: [    0.012795] ACPI: Reserving APIC table memory at [mem 0xab810c60-0xab810ce3]
Apr 24 10:15:35 pop-os kernel: [    0.012796] ACPI: Reserving FPDT table memory at [mem 0xab810ce8-0xab810d2b]
Apr 24 10:15:35 pop-os kernel: [    0.012797] ACPI: Reserving MCFG table memory at [mem 0xab810d30-0xab810d6b]
Apr 24 10:15:35 pop-os kernel: [    0.012798] ACPI: Reserving HPET table memory at [mem 0xab810d70-0xab810da7]
Apr 24 10:15:35 pop-os kernel: [    0.012799] ACPI: Reserving SSDT table memory at [mem 0xab810da8-0xab811214]
Apr 24 10:15:35 pop-os kernel: [    0.012801] ACPI: Reserving LPIT table memory at [mem 0xab811218-0xab8112ab]
Apr 24 10:15:35 pop-os kernel: [    0.012802] ACPI: Reserving SSDT table memory at [mem 0xab8112b0-0xab8114f7]
Apr 24 10:15:35 pop-os kernel: [    0.012803] ACPI: Reserving SSDT table memory at [mem 0xab8114f8-0xab8140a5]
Apr 24 10:15:35 pop-os kernel: [    0.012804] ACPI: Reserving SSDT table memory at [mem 0xab8140a8-0xab8148bb]
Apr 24 10:15:35 pop-os kernel: [    0.012805] ACPI: Reserving DBGP table memory at [mem 0xab8148c0-0xab8148f3]
Apr 24 10:15:35 pop-os kernel: [    0.012806] ACPI: Reserving DBG2 table memory at [mem 0xab8148f8-0xab81494b]
Apr 24 10:15:35 pop-os kernel: [    0.012808] ACPI: Reserving SSDT table memory at [mem 0xab814950-0xab817f29]
Apr 24 10:15:35 pop-os kernel: [    0.012809] ACPI: Reserving UEFI table memory at [mem 0xab817f30-0xab817f71]
Apr 24 10:15:35 pop-os kernel: [    0.012810] ACPI: Reserving SSDT table memory at [mem 0xab817f78-0xab818dea]
Apr 24 10:15:35 pop-os kernel: [    0.012811] ACPI: Reserving SSDT table memory at [mem 0xab818df0-0xab81c9ec]
Apr 24 10:15:35 pop-os kernel: [    0.012812] ACPI: Reserving MSDM table memory at [mem 0xab81c9f0-0xab81ca44]
Apr 24 10:15:35 pop-os kernel: [    0.012814] ACPI: Reserving SLIC table memory at [mem 0xab81ca48-0xab81cbbd]
Apr 24 10:15:35 pop-os kernel: [    0.012815] ACPI: Reserving TCPA table memory at [mem 0xab81cbc0-0xab81cbf1]
Apr 24 10:15:35 pop-os kernel: [    0.012816] ACPI: Reserving DMAR table memory at [mem 0xab81cbf8-0xab81cc9f]
Apr 24 10:15:35 pop-os kernel: [    0.012817] ACPI: Reserving ASF! table memory at [mem 0xab81cca0-0xab81cd44]
Apr 24 10:15:35 pop-os kernel: [    0.013036] No NUMA configuration found
Apr 24 10:15:35 pop-os kernel: [    0.013037] Faking a node at [mem 0x0000000000000000-0x000000024dffffff]
Apr 24 10:15:35 pop-os kernel: [    0.013050] NODE_DATA(0) allocated [mem 0x24dfd5000-0x24dffffff]
Apr 24 10:15:35 pop-os kernel: [    0.013262] Zone ranges:
Apr 24 10:15:35 pop-os kernel: [    0.013263]   DMA      [mem 0x0000000000001000-0x0000000000ffffff]
Apr 24 10:15:35 pop-os kernel: [    0.013265]   DMA32    [mem 0x0000000001000000-0x00000000ffffffff]
Apr 24 10:15:35 pop-os kernel: [    0.013268]   Normal   [mem 0x0000000100000000-0x000000024dffffff]
Apr 24 10:15:35 pop-os kernel: [    0.013270]   Device   empty
Apr 24 10:15:35 pop-os kernel: [    0.013271] Movable zone start for each node
Apr 24 10:15:35 pop-os kernel: [    0.013274] Early memory node ranges
Apr 24 10:15:35 pop-os kernel: [    0.013275]   node   0: [mem 0x0000000000001000-0x000000000009cfff]
Apr 24 10:15:35 pop-os kernel: [    0.013277]   node   0: [mem 0x0000000000100000-0x000000009d447fff]
Apr 24 10:15:35 pop-os kernel: [    0.013279]   node   0: [mem 0x0000000100000000-0x000000024dffffff]
Apr 24 10:15:35 pop-os kernel: [    0.013281] Initmem setup node 0 [mem 0x0000000000001000-0x000000024dffffff]
Apr 24 10:15:35 pop-os kernel: [    0.013286] On node 0, zone DMA: 1 pages in unavailable ranges
Apr 24 10:15:35 pop-os kernel: [    0.013314] On node 0, zone DMA: 99 pages in unavailable ranges
Apr 24 10:15:35 pop-os kernel: [    0.030635] On node 0, zone Normal: 11192 pages in unavailable ranges
Apr 24 10:15:35 pop-os kernel: [    0.030725] On node 0, zone Normal: 8192 pages in unavailable ranges
Apr 24 10:15:35 pop-os kernel: [    0.030736] Reserving Intel graphics memory at [mem 0xae000000-0xafffffff]
Apr 24 10:15:35 pop-os kernel: [    0.031167] ACPI: PM-Timer IO Port: 0x1808
Apr 24 10:15:35 pop-os kernel: [    0.031176] ACPI: LAPIC_NMI (acpi_id[0x01] high edge lint[0x1])
Apr 24 10:15:35 pop-os kernel: [    0.031178] ACPI: LAPIC_NMI (acpi_id[0x02] high edge lint[0x1])
Apr 24 10:15:35 pop-os kernel: [    0.031180] ACPI: LAPIC_NMI (acpi_id[0x03] high edge lint[0x1])
Apr 24 10:15:35 pop-os kernel: [    0.031181] ACPI: LAPIC_NMI (acpi_id[0x04] high edge lint[0x1])
Apr 24 10:15:35 pop-os kernel: [    0.031208] IOAPIC[0]: apic_id 2, version 32, address 0xfec00000, GSI 0-119
Apr 24 10:15:35 pop-os kernel: [    0.031212] ACPI: INT_SRC_OVR (bus 0 bus_irq 0 global_irq 2 dfl dfl)
Apr 24 10:15:35 pop-os kernel: [    0.031214] ACPI: INT_SRC_OVR (bus 0 bus_irq 9 global_irq 9 high level)
Apr 24 10:15:35 pop-os kernel: [    0.031220] ACPI: Using ACPI (MADT) for SMP configuration information
Apr 24 10:15:35 pop-os kernel: [    0.031222] ACPI: HPET id: 0x8086a701 base: 0xfed00000
Apr 24 10:15:35 pop-os kernel: [    0.031226] TSC deadline timer available
Apr 24 10:15:35 pop-os kernel: [    0.031227] smpboot: Allowing 4 CPUs, 0 hotplug CPUs
Apr 24 10:15:35 pop-os kernel: [    0.031245] PM: hibernation: Registered nosave memory: [mem 0x00000000-0x00000fff]
Apr 24 10:15:35 pop-os kernel: [    0.031248] PM: hibernation: Registered nosave memory: [mem 0x0009d000-0x0009dfff]
Apr 24 10:15:35 pop-os kernel: [    0.031249] PM: hibernation: Registered nosave memory: [mem 0x0009e000-0x0009ffff]
Apr 24 10:15:35 pop-os kernel: [    0.031250] PM: hibernation: Registered nosave memory: [mem 0x000a0000-0x000dffff]
Apr 24 10:15:35 pop-os kernel: [    0.031251] PM: hibernation: Registered nosave memory: [mem 0x000e0000-0x000fffff]
Apr 24 10:15:35 pop-os kernel: [    0.031253] PM: hibernation: Registered nosave memory: [mem 0x9d448000-0x9d448fff]
Apr 24 10:15:35 pop-os kernel: [    0.031255] PM: hibernation: Registered nosave memory: [mem 0x9d449000-0xab7e4fff]
Apr 24 10:15:35 pop-os kernel: [    0.031256] PM: hibernation: Registered nosave memory: [mem 0xab7e5000-0xab81dfff]
Apr 24 10:15:35 pop-os kernel: [    0.031257] PM: hibernation: Registered nosave memory: [mem 0xab81e000-0xabe5bfff]
Apr 24 10:15:35 pop-os kernel: [    0.031258] PM: hibernation: Registered nosave memory: [mem 0xabe5c000-0xafffffff]
Apr 24 10:15:35 pop-os kernel: [    0.031259] PM: hibernation: Registered nosave memory: [mem 0xb0000000-0xefffffff]
Apr 24 10:15:35 pop-os kernel: [    0.031260] PM: hibernation: Registered nosave memory: [mem 0xf0000000-0xf7ffffff]
Apr 24 10:15:35 pop-os kernel: [    0.031261] PM: hibernation: Registered nosave memory: [mem 0xf8000000-0xfdffffff]
Apr 24 10:15:35 pop-os kernel: [    0.031262] PM: hibernation: Registered nosave memory: [mem 0xfe000000-0xfe010fff]
Apr 24 10:15:35 pop-os kernel: [    0.031263] PM: hibernation: Registered nosave memory: [mem 0xfe011000-0xfebfffff]
Apr 24 10:15:35 pop-os kernel: [    0.031264] PM: hibernation: Registered nosave memory: [mem 0xfec00000-0xfec00fff]
Apr 24 10:15:35 pop-os kernel: [    0.031265] PM: hibernation: Registered nosave memory: [mem 0xfec01000-0xfedfffff]
Apr 24 10:15:35 pop-os kernel: [    0.031266] PM: hibernation: Registered nosave memory: [mem 0xfee00000-0xfee00fff]
Apr 24 10:15:35 pop-os kernel: [    0.031267] PM: hibernation: Registered nosave memory: [mem 0xfee01000-0xfeffffff]
Apr 24 10:15:35 pop-os kernel: [    0.031268] PM: hibernation: Registered nosave memory: [mem 0xff000000-0xffffffff]
Apr 24 10:15:35 pop-os kernel: [    0.031270] [mem 0xb0000000-0xefffffff] available for PCI devices
Apr 24 10:15:35 pop-os kernel: [    0.031272] Booting paravirtualized kernel on bare hardware
Apr 24 10:15:35 pop-os kernel: [    0.031274] clocksource: refined-jiffies: mask: 0xffffffff max_cycles: 0xffffffff, max_idle_ns: 7645519600211568 ns
Apr 24 10:15:35 pop-os kernel: [    0.031282] setup_percpu: NR_CPUS:8192 nr_cpumask_bits:4 nr_cpu_ids:4 nr_node_ids:1
Apr 24 10:15:35 pop-os kernel: [    0.031689] percpu: Embedded 61 pages/cpu s212992 r8192 d28672 u524288
Apr 24 10:15:35 pop-os kernel: [    0.031697] pcpu-alloc: s212992 r8192 d28672 u524288 alloc=1*2097152
Apr 24 10:15:35 pop-os kernel: [    0.031700] pcpu-alloc: [0] 0 1 2 3 
Apr 24 10:15:35 pop-os kernel: [    0.031731] Fallback order for Node 0: 0 
Apr 24 10:15:35 pop-os kernel: [    0.031735] Built 1 zonelists, mobility grouping on.  Total pages: 1980534
Apr 24 10:15:35 pop-os kernel: [    0.031736] Policy zone: Normal
Apr 24 10:15:35 pop-os kernel: [    0.031738] Kernel command line: BOOT_IMAGE=/boot/vmlinuz-6.2.6-76060206-generic root=UUID=7164ffd8-d6e5-4c21-93e9-a9c32626bd4c ro quiet splash vt.handoff=7
Apr 24 10:15:35 pop-os kernel: [    0.031840] Unknown kernel command line parameters "splash BOOT_IMAGE=/boot/vmlinuz-6.2.6-76060206-generic", will be passed to user space.
Apr 24 10:15:35 pop-os kernel: [    0.031885] random: crng init done
Apr 24 10:15:35 pop-os kernel: [    0.032980] Dentry cache hash table entries: 1048576 (order: 11, 8388608 bytes, linear)
Apr 24 10:15:35 pop-os kernel: [    0.033544] Inode-cache hash table entries: 524288 (order: 10, 4194304 bytes, linear)
Apr 24 10:15:35 pop-os kernel: [    0.033627] mem auto-init: stack:all(zero), heap alloc:on, heap free:off
Apr 24 10:15:35 pop-os kernel: [    0.033636] software IO TLB: area num 4.
Apr 24 10:15:35 pop-os kernel: [    0.075090] Memory: 7649652K/8048528K available (20480K kernel code, 4174K rwdata, 12696K rodata, 4656K init, 17624K bss, 398616K reserved, 0K cma-reserved)
Apr 24 10:15:35 pop-os kernel: [    0.075236] SLUB: HWalign=64, Order=0-3, MinObjects=0, CPUs=4, Nodes=1
Apr 24 10:15:35 pop-os kernel: [    0.075250] Kernel/User page tables isolation: enabled
Apr 24 10:15:35 pop-os kernel: [    0.075290] ftrace: allocating 53317 entries in 209 pages
Apr 24 10:15:35 pop-os kernel: [    0.087378] ftrace: allocated 209 pages with 4 groups
Apr 24 10:15:35 pop-os kernel: [    0.088377] Dynamic Preempt: voluntary
Apr 24 10:15:35 pop-os kernel: [    0.088409] rcu: Preemptible hierarchical RCU implementation.
Apr 24 10:15:35 pop-os kernel: [    0.088410] rcu: 	RCU restricting CPUs from NR_CPUS=8192 to nr_cpu_ids=4.
Apr 24 10:15:35 pop-os kernel: [    0.088412] 	Trampoline variant of Tasks RCU enabled.
Apr 24 10:15:35 pop-os kernel: [    0.088413] 	Rude variant of Tasks RCU enabled.
Apr 24 10:15:35 pop-os kernel: [    0.088413] 	Tracing variant of Tasks RCU enabled.
Apr 24 10:15:35 pop-os kernel: [    0.088414] rcu: RCU calculated value of scheduler-enlistment delay is 25 jiffies.
Apr 24 10:15:35 pop-os kernel: [    0.088415] rcu: Adjusting geometry for rcu_fanout_leaf=16, nr_cpu_ids=4
Apr 24 10:15:35 pop-os kernel: [    0.092427] NR_IRQS: 524544, nr_irqs: 1024, preallocated irqs: 16
Apr 24 10:15:35 pop-os kernel: [    0.092642] rcu: srcu_init: Setting srcu_struct sizes based on contention.
Apr 24 10:15:35 pop-os kernel: [    0.092814] Console: colour dummy device 80x25
Apr 24 10:15:35 pop-os kernel: [    0.092817] printk: console [tty0] enabled
Apr 24 10:15:35 pop-os kernel: [    0.092866] ACPI: Core revision 20221020
Apr 24 10:15:35 pop-os kernel: [    0.093192] clocksource: hpet: mask: 0xffffffff max_cycles: 0xffffffff, max_idle_ns: 79635855245 ns
Apr 24 10:15:35 pop-os kernel: [    0.093263] APIC: Switch to symmetric I/O mode setup
Apr 24 10:15:35 pop-os kernel: [    0.093266] DMAR: Host address width 39
Apr 24 10:15:35 pop-os kernel: [    0.093267] DMAR: DRHD base: 0x000000fed90000 flags: 0x0
Apr 24 10:15:35 pop-os kernel: [    0.093275] DMAR: dmar0: reg_base_addr fed90000 ver 1:0 cap 1c0000c40660462 ecap 7e3ff0505e
Apr 24 10:15:35 pop-os kernel: [    0.093278] DMAR: DRHD base: 0x000000fed91000 flags: 0x1
Apr 24 10:15:35 pop-os kernel: [    0.093283] DMAR: dmar1: reg_base_addr fed91000 ver 1:0 cap d2008c40660462 ecap f050da
Apr 24 10:15:35 pop-os kernel: [    0.093285] DMAR: RMRR base: 0x000000ab588000 end: 0x000000ab5a7fff
Apr 24 10:15:35 pop-os kernel: [    0.093288] DMAR: RMRR base: 0x000000ad800000 end: 0x000000afffffff
Apr 24 10:15:35 pop-os kernel: [    0.093290] DMAR-IR: IOAPIC id 2 under DRHD base  0xfed91000 IOMMU 1
Apr 24 10:15:35 pop-os kernel: [    0.093292] DMAR-IR: HPET id 0 under DRHD base 0xfed91000
Apr 24 10:15:35 pop-os kernel: [    0.093294] DMAR-IR: x2apic is disabled because BIOS sets x2apic opt out bit.
Apr 24 10:15:35 pop-os kernel: [    0.093295] DMAR-IR: Use 'intremap=no_x2apic_optout' to override the BIOS setting.
Apr 24 10:15:35 pop-os kernel: [    0.095070] DMAR-IR: Enabled IRQ remapping in xapic mode
Apr 24 10:15:35 pop-os kernel: [    0.095072] x2apic: IRQ remapping doesn't support X2APIC mode
Apr 24 10:15:35 pop-os kernel: [    0.099007] ..TIMER: vector=0x30 apic1=0 pin1=2 apic2=-1 pin2=-1
Apr 24 10:15:35 pop-os kernel: [    0.117197] clocksource: tsc-early: mask: 0xffffffffffffffff max_cycles: 0x24090c9bc00, max_idle_ns: 440795288559 ns
Apr 24 10:15:35 pop-os kernel: [    0.117205] Calibrating delay loop (skipped), value calculated using timer frequency.. 4999.90 BogoMIPS (lpj=9999808)
Apr 24 10:15:35 pop-os kernel: [    0.117209] pid_max: default: 32768 minimum: 301
Apr 24 10:15:35 pop-os kernel: [    0.117245] LSM: initializing lsm=lockdown,capability,landlock,yama,integrity,apparmor
Apr 24 10:15:35 pop-os kernel: [    0.117263] landlock: Up and running.
Apr 24 10:15:35 pop-os kernel: [    0.117264] Yama: becoming mindful.
Apr 24 10:15:35 pop-os kernel: [    0.117298] AppArmor: AppArmor initialized
Apr 24 10:15:35 pop-os kernel: [    0.117347] Mount-cache hash table entries: 16384 (order: 5, 131072 bytes, linear)
Apr 24 10:15:35 pop-os kernel: [    0.117365] Mountpoint-cache hash table entries: 16384 (order: 5, 131072 bytes, linear)
Apr 24 10:15:35 pop-os kernel: [    0.117624] x86/cpu: SGX disabled by BIOS.
Apr 24 10:15:35 pop-os kernel: [    0.117635] CPU0: Thermal monitoring enabled (TM1)
Apr 24 10:15:35 pop-os kernel: [    0.117679] process: using mwait in idle threads
Apr 24 10:15:35 pop-os kernel: [    0.117682] Last level iTLB entries: 4KB 64, 2MB 8, 4MB 8
Apr 24 10:15:35 pop-os kernel: [    0.117684] Last level dTLB entries: 4KB 64, 2MB 0, 4MB 0, 1GB 4
Apr 24 10:15:35 pop-os kernel: [    0.117690] Spectre V1 : Mitigation: usercopy/swapgs barriers and __user pointer sanitization
Apr 24 10:15:35 pop-os kernel: [    0.117693] Spectre V2 : Mitigation: IBRS
Apr 24 10:15:35 pop-os kernel: [    0.117694] Spectre V2 : Spectre v2 / SpectreRSB mitigation: Filling RSB on context switch
Apr 24 10:15:35 pop-os kernel: [    0.117696] Spectre V2 : Spectre v2 / SpectreRSB : Filling RSB on VMEXIT
Apr 24 10:15:35 pop-os kernel: [    0.117697] RETBleed: Mitigation: IBRS
Apr 24 10:15:35 pop-os kernel: [    0.117699] Spectre V2 : mitigation: Enabling conditional Indirect Branch Prediction Barrier
Apr 24 10:15:35 pop-os kernel: [    0.117701] Spectre V2 : User space: Mitigation: STIBP via prctl
Apr 24 10:15:35 pop-os kernel: [    0.117703] Speculative Store Bypass: Mitigation: Speculative Store Bypass disabled via prctl
Apr 24 10:15:35 pop-os kernel: [    0.117712] MDS: Mitigation: Clear CPU buffers
Apr 24 10:15:35 pop-os kernel: [    0.117713] TAA: Mitigation: TSX disabled
Apr 24 10:15:35 pop-os kernel: [    0.117714] MMIO Stale Data: Mitigation: Clear CPU buffers
Apr 24 10:15:35 pop-os kernel: [    0.117719] SRBDS: Mitigation: Microcode
Apr 24 10:15:35 pop-os kernel: [    0.159110] Freeing SMP alternatives memory: 44K
Apr 24 10:15:35 pop-os kernel: [    0.161285] smpboot: CPU0: Intel(R) Core(TM) i5-6300U CPU @ 2.40GHz (family: 0x6, model: 0x4e, stepping: 0x3)
Apr 24 10:15:35 pop-os kernel: [    0.161434] cblist_init_generic: Setting adjustable number of callback queues.
Apr 24 10:15:35 pop-os kernel: [    0.161437] cblist_init_generic: Setting shift to 2 and lim to 1.
Apr 24 10:15:35 pop-os kernel: [    0.161457] cblist_init_generic: Setting shift to 2 and lim to 1.
Apr 24 10:15:35 pop-os kernel: [    0.161477] cblist_init_generic: Setting shift to 2 and lim to 1.
Apr 24 10:15:35 pop-os kernel: [    0.161496] Performance Events: PEBS fmt3+, Skylake events, 32-deep LBR, full-width counters, Intel PMU driver.
Apr 24 10:15:35 pop-os kernel: [    0.161532] ... version:                4
Apr 24 10:15:35 pop-os kernel: [    0.161533] ... bit width:              48
Apr 24 10:15:35 pop-os kernel: [    0.161535] ... generic registers:      4
Apr 24 10:15:35 pop-os kernel: [    0.161536] ... value mask:             0000ffffffffffff
Apr 24 10:15:35 pop-os kernel: [    0.161538] ... max period:             00007fffffffffff
Apr 24 10:15:35 pop-os kernel: [    0.161539] ... fixed-purpose events:   3
Apr 24 10:15:35 pop-os kernel: [    0.161540] ... event mask:             000000070000000f
Apr 24 10:15:35 pop-os kernel: [    0.161714] Estimated ratio of average max frequency by base frequency (times 1024): 1187
Apr 24 10:15:35 pop-os kernel: [    0.161741] rcu: Hierarchical SRCU implementation.
Apr 24 10:15:35 pop-os kernel: [    0.161742] rcu: 	Max phase no-delay instances is 1000.
Apr 24 10:15:35 pop-os kernel: [    0.162460] NMI watchdog: Enabled. Permanently consumes one hw-PMU counter.
Apr 24 10:15:35 pop-os kernel: [    0.162538] smp: Bringing up secondary CPUs ...
Apr 24 10:15:35 pop-os kernel: [    0.162658] x86: Booting SMP configuration:
Apr 24 10:15:35 pop-os kernel: [    0.162660] .... node  #0, CPUs:      #1 #2
Apr 24 10:15:35 pop-os kernel: [    0.166617] MDS CPU bug present and SMT on, data leak possible. See https://www.kernel.org/doc/html/latest/admin-guide/hw-vuln/mds.html for more details.
Apr 24 10:15:35 pop-os kernel: [    0.166617] MMIO Stale Data CPU bug present and SMT on, data leak possible. See https://www.kernel.org/doc/html/latest/admin-guide/hw-vuln/processor_mmio_stale_data.html for more details.
Apr 24 10:15:35 pop-os kernel: [    0.166617]  #3
Apr 24 10:15:35 pop-os kernel: [    0.166617] smp: Brought up 1 node, 4 CPUs
Apr 24 10:15:35 pop-os kernel: [    0.166617] smpboot: Max logical packages: 1
Apr 24 10:15:35 pop-os kernel: [    0.166617] smpboot: Total of 4 processors activated (19999.61 BogoMIPS)
Apr 24 10:15:35 pop-os kernel: [    0.169571] devtmpfs: initialized
Apr 24 10:15:35 pop-os kernel: [    0.169571] x86/mm: Memory block size: 128MB
Apr 24 10:15:35 pop-os kernel: [    0.170347] ACPI: PM: Registering ACPI NVS region [mem 0x9d448000-0x9d448fff] (4096 bytes)
Apr 24 10:15:35 pop-os kernel: [    0.170347] ACPI: PM: Registering ACPI NVS region [mem 0xab81e000-0xabe5bfff] (6545408 bytes)
Apr 24 10:15:35 pop-os kernel: [    0.170347] clocksource: jiffies: mask: 0xffffffff max_cycles: 0xffffffff, max_idle_ns: 7645041785100000 ns
Apr 24 10:15:35 pop-os kernel: [    0.170347] futex hash table entries: 1024 (order: 4, 65536 bytes, linear)
Apr 24 10:15:35 pop-os kernel: [    0.170347] pinctrl core: initialized pinctrl subsystem
Apr 24 10:15:35 pop-os kernel: [    0.170347] PM: RTC time: 09:15:27, date: 2023-04-24
Apr 24 10:15:35 pop-os kernel: [    0.170356] NET: Registered PF_NETLINK/PF_ROUTE protocol family
Apr 24 10:15:35 pop-os kernel: [    0.170614] DMA: preallocated 1024 KiB GFP_KERNEL pool for atomic allocations
Apr 24 10:15:35 pop-os kernel: [    0.170696] DMA: preallocated 1024 KiB GFP_KERNEL|GFP_DMA pool for atomic allocations
Apr 24 10:15:35 pop-os kernel: [    0.170779] DMA: preallocated 1024 KiB GFP_KERNEL|GFP_DMA32 pool for atomic allocations
Apr 24 10:15:35 pop-os kernel: [    0.170794] audit: initializing netlink subsys (disabled)
Apr 24 10:15:35 pop-os kernel: [    0.170811] audit: type=2000 audit(1682327727.076:1): state=initialized audit_enabled=0 res=1
Apr 24 10:15:35 pop-os kernel: [    0.170811] thermal_sys: Registered thermal governor 'fair_share'
Apr 24 10:15:35 pop-os kernel: [    0.170811] thermal_sys: Registered thermal governor 'bang_bang'
Apr 24 10:15:35 pop-os kernel: [    0.170811] thermal_sys: Registered thermal governor 'step_wise'
Apr 24 10:15:35 pop-os kernel: [    0.170811] thermal_sys: Registered thermal governor 'user_space'
Apr 24 10:15:35 pop-os kernel: [    0.170811] thermal_sys: Registered thermal governor 'power_allocator'
Apr 24 10:15:35 pop-os kernel: [    0.170811] EISA bus registered
Apr 24 10:15:35 pop-os kernel: [    0.170811] cpuidle: using governor ladder
Apr 24 10:15:35 pop-os kernel: [    0.170811] cpuidle: using governor menu
Apr 24 10:15:35 pop-os kernel: [    0.170811] ACPI FADT declares the system doesn't support PCIe ASPM, so disable it
Apr 24 10:15:35 pop-os kernel: [    0.170811] acpiphp: ACPI Hot Plug PCI Controller Driver version: 0.5
Apr 24 10:15:35 pop-os kernel: [    0.170811] PCI: MMCONFIG for domain 0000 [bus 00-7f] at [mem 0xf0000000-0xf7ffffff] (base 0xf0000000)
Apr 24 10:15:35 pop-os kernel: [    0.170811] PCI: MMCONFIG at [mem 0xf0000000-0xf7ffffff] reserved as E820 entry
Apr 24 10:15:35 pop-os kernel: [    0.170811] PCI: Using configuration type 1 for base access
Apr 24 10:15:35 pop-os kernel: [    0.170811] ENERGY_PERF_BIAS: Set to 'normal', was 'performance'
Apr 24 10:15:35 pop-os kernel: [    0.173290] kprobes: kprobe jump-optimization is enabled. All kprobes are optimized if possible.
Apr 24 10:15:35 pop-os kernel: [    0.173299] HugeTLB: registered 1.00 GiB page size, pre-allocated 0 pages
Apr 24 10:15:35 pop-os kernel: [    0.173299] HugeTLB: 16380 KiB vmemmap can be freed for a 1.00 GiB page
Apr 24 10:15:35 pop-os kernel: [    0.173299] HugeTLB: registered 2.00 MiB page size, pre-allocated 0 pages
Apr 24 10:15:35 pop-os kernel: [    0.173299] HugeTLB: 28 KiB vmemmap can be freed for a 2.00 MiB page
Apr 24 10:15:35 pop-os kernel: [    0.173483] fbcon: Taking over console
Apr 24 10:15:35 pop-os kernel: [    0.173483] ACPI: Added _OSI(Module Device)
Apr 24 10:15:35 pop-os kernel: [    0.173483] ACPI: Added _OSI(Processor Device)
Apr 24 10:15:35 pop-os kernel: [    0.173483] ACPI: Added _OSI(3.0 _SCP Extensions)
Apr 24 10:15:35 pop-os kernel: [    0.173483] ACPI: Added _OSI(Processor Aggregator Device)
Apr 24 10:15:35 pop-os kernel: [    0.236990] ACPI: 8 ACPI AML tables successfully acquired and loaded
Apr 24 10:15:35 pop-os kernel: [    0.241827] ACPI: [Firmware Bug]: BIOS _OSI(Linux) query ignored
Apr 24 10:15:35 pop-os kernel: [    0.257235] ACPI: Dynamic OEM Table Load:
Apr 24 10:15:35 pop-os kernel: [    0.257260] ACPI: SSDT 0xFFFF9E1E40DDE000 00063F (v02 PmRef  Cpu0Ist  00003000 INTL 20120913)
Apr 24 10:15:35 pop-os kernel: [    0.259823] ACPI: \_PR_.CPU0: _OSC native thermal LVT Acked
Apr 24 10:15:35 pop-os kernel: [    0.262078] ACPI: Dynamic OEM Table Load:
Apr 24 10:15:35 pop-os kernel: [    0.262087] ACPI: SSDT 0xFFFF9E1E4119B800 00037F (v02 PmRef  Cpu0Cst  00003001 INTL 20120913)
Apr 24 10:15:35 pop-os kernel: [    0.265408] ACPI: Dynamic OEM Table Load:
Apr 24 10:15:35 pop-os kernel: [    0.265418] ACPI: SSDT 0xFFFF9E1E40DDA800 0005AA (v02 PmRef  ApIst    00003000 INTL 20120913)
Apr 24 10:15:35 pop-os kernel: [    0.268443] ACPI: Dynamic OEM Table Load:
Apr 24 10:15:35 pop-os kernel: [    0.268451] ACPI: SSDT 0xFFFF9E1E41127A00 000119 (v02 PmRef  ApCst    00003000 INTL 20120913)
Apr 24 10:15:35 pop-os kernel: [    0.275311] ACPI: EC: EC started
Apr 24 10:15:35 pop-os kernel: [    0.275314] ACPI: EC: interrupt blocked
Apr 24 10:15:35 pop-os kernel: [    0.280260] ACPI: EC: EC_CMD/EC_SC=0x934, EC_DATA=0x930
Apr 24 10:15:35 pop-os kernel: [    0.280264] ACPI: \_SB_.PCI0.LPCB.ECDV: Boot DSDT EC used to handle transactions
Apr 24 10:15:35 pop-os kernel: [    0.280267] ACPI: Interpreter enabled
Apr 24 10:15:35 pop-os kernel: [    0.280324] ACPI: PM: (supports S0 S3 S4 S5)
Apr 24 10:15:35 pop-os kernel: [    0.280326] ACPI: Using IOAPIC for interrupt routing
Apr 24 10:15:35 pop-os kernel: [    0.280384] PCI: Using host bridge windows from ACPI; if necessary, use "pci=nocrs" and report a bug
Apr 24 10:15:35 pop-os kernel: [    0.280386] PCI: Using E820 reservations for host bridge windows
Apr 24 10:15:35 pop-os kernel: [    0.281484] ACPI: Enabled 8 GPEs in block 00 to 7F
Apr 24 10:15:35 pop-os kernel: [    0.286509] ACPI: \_SB_.PCI0.PEG0.PG00: New power resource
Apr 24 10:15:35 pop-os kernel: [    0.287166] ACPI: \_SB_.PCI0.PEG1.PG01: New power resource
Apr 24 10:15:35 pop-os kernel: [    0.287807] ACPI: \_SB_.PCI0.PEG2.PG02: New power resource
Apr 24 10:15:35 pop-os kernel: [    0.293806] ACPI: \_SB_.PCI0.RP09.PXSX.WRST: New power resource
Apr 24 10:15:35 pop-os kernel: [    0.294379] ACPI: \_SB_.PCI0.RP10.PXSX.WRST: New power resource
Apr 24 10:15:35 pop-os kernel: [    0.294955] ACPI: \_SB_.PCI0.RP11.PXSX.WRST: New power resource
Apr 24 10:15:35 pop-os kernel: [    0.295524] ACPI: \_SB_.PCI0.RP12.PXSX.WRST: New power resource
Apr 24 10:15:35 pop-os kernel: [    0.296097] ACPI: \_SB_.PCI0.RP13.PXSX.WRST: New power resource
Apr 24 10:15:35 pop-os kernel: [    0.297138] ACPI: \_SB_.PCI0.RP02.PXSX.WRST: New power resource
Apr 24 10:15:35 pop-os kernel: [    0.297723] ACPI: \_SB_.PCI0.RP03.PXSX.WRST: New power resource
Apr 24 10:15:35 pop-os kernel: [    0.298298] ACPI: \_SB_.PCI0.RP04.PXSX.WRST: New power resource
Apr 24 10:15:35 pop-os kernel: [    0.299820] ACPI: \_SB_.PCI0.RP07.PXSX.WRST: New power resource
Apr 24 10:15:35 pop-os kernel: [    0.300398] ACPI: \_SB_.PCI0.RP08.PXSX.WRST: New power resource
Apr 24 10:15:35 pop-os kernel: [    0.300975] ACPI: \_SB_.PCI0.RP17.PXSX.WRST: New power resource
Apr 24 10:15:35 pop-os kernel: [    0.301563] ACPI: \_SB_.PCI0.RP18.PXSX.WRST: New power resource
Apr 24 10:15:35 pop-os kernel: [    0.302138] ACPI: \_SB_.PCI0.RP19.PXSX.WRST: New power resource
Apr 24 10:15:35 pop-os kernel: [    0.302707] ACPI: \_SB_.PCI0.RP20.PXSX.WRST: New power resource
Apr 24 10:15:35 pop-os kernel: [    0.303277] ACPI: \_SB_.PCI0.RP14.PXSX.WRST: New power resource
Apr 24 10:15:35 pop-os kernel: [    0.303847] ACPI: \_SB_.PCI0.RP15.PXSX.WRST: New power resource
Apr 24 10:15:35 pop-os kernel: [    0.304421] ACPI: \_SB_.PCI0.RP16.PXSX.WRST: New power resource
Apr 24 10:15:35 pop-os kernel: [    0.333885] ACPI: PCI Root Bridge [PCI0] (domain 0000 [bus 00-7e])
Apr 24 10:15:35 pop-os kernel: [    0.333907] acpi PNP0A08:00: _OSC: OS supports [ExtendedConfig ASPM ClockPM Segments MSI EDR HPX-Type3]
Apr 24 10:15:35 pop-os kernel: [    0.336237] acpi PNP0A08:00: _OSC: OS now controls [PCIeHotplug SHPCHotplug PME AER PCIeCapability LTR DPC]
Apr 24 10:15:35 pop-os kernel: [    0.336241] acpi PNP0A08:00: FADT indicates ASPM is unsupported, using BIOS configuration
Apr 24 10:15:35 pop-os kernel: [    0.338059] PCI host bridge to bus 0000:00
Apr 24 10:15:35 pop-os kernel: [    0.338062] pci_bus 0000:00: root bus resource [io  0x0000-0x0cf7 window]
Apr 24 10:15:35 pop-os kernel: [    0.338066] pci_bus 0000:00: root bus resource [io  0x0d00-0xffff window]
Apr 24 10:15:35 pop-os kernel: [    0.338069] pci_bus 0000:00: root bus resource [mem 0x000a0000-0x000bffff window]
Apr 24 10:15:35 pop-os kernel: [    0.338072] pci_bus 0000:00: root bus resource [mem 0xb0000000-0xefffffff window]
Apr 24 10:15:35 pop-os kernel: [    0.338074] pci_bus 0000:00: root bus resource [mem 0xfd000000-0xfe7fffff window]
Apr 24 10:15:35 pop-os kernel: [    0.338077] pci_bus 0000:00: root bus resource [bus 00-7e]
Apr 24 10:15:35 pop-os kernel: [    0.338105] pci 0000:00:00.0: [8086:1904] type 00 class 0x060000
Apr 24 10:15:35 pop-os kernel: [    0.338208] pci 0000:00:02.0: [8086:1916] type 00 class 0x030000
Apr 24 10:15:35 pop-os kernel: [    0.338219] pci 0000:00:02.0: reg 0x10: [mem 0xe0000000-0xe0ffffff 64bit]
Apr 24 10:15:35 pop-os kernel: [    0.338228] pci 0000:00:02.0: reg 0x18: [mem 0xd0000000-0xdfffffff 64bit pref]
Apr 24 10:15:35 pop-os kernel: [    0.338234] pci 0000:00:02.0: reg 0x20: [io  0xf000-0xf03f]
Apr 24 10:15:35 pop-os kernel: [    0.338258] pci 0000:00:02.0: Video device with shadowed ROM at [mem 0x000c0000-0x000dffff]
Apr 24 10:15:35 pop-os kernel: [    0.338566] pci 0000:00:04.0: [8086:1903] type 00 class 0x118000
Apr 24 10:15:35 pop-os kernel: [    0.338579] pci 0000:00:04.0: reg 0x10: [mem 0xe1340000-0xe1347fff 64bit]
Apr 24 10:15:35 pop-os kernel: [    0.339057] pci 0000:00:14.0: [8086:9d2f] type 00 class 0x0c0330
Apr 24 10:15:35 pop-os kernel: [    0.339078] pci 0000:00:14.0: reg 0x10: [mem 0xe1330000-0xe133ffff 64bit]
Apr 24 10:15:35 pop-os kernel: [    0.339152] pci 0000:00:14.0: PME# supported from D3hot D3cold
Apr 24 10:15:35 pop-os kernel: [    0.339653] pci 0000:00:14.2: [8086:9d31] type 00 class 0x118000
Apr 24 10:15:35 pop-os kernel: [    0.339674] pci 0000:00:14.2: reg 0x10: [mem 0xe1357000-0xe1357fff 64bit]
Apr 24 10:15:35 pop-os kernel: [    0.339823] pci 0000:00:16.0: [8086:9d3a] type 00 class 0x078000
Apr 24 10:15:35 pop-os kernel: [    0.339841] pci 0000:00:16.0: reg 0x10: [mem 0xe1356000-0xe1356fff 64bit]
Apr 24 10:15:35 pop-os kernel: [    0.339902] pci 0000:00:16.0: PME# supported from D3hot
Apr 24 10:15:35 pop-os kernel: [    0.340278] pci 0000:00:16.3: [8086:9d3d] type 00 class 0x070002
Apr 24 10:15:35 pop-os kernel: [    0.340294] pci 0000:00:16.3: reg 0x10: [io  0xf0a0-0xf0a7]
Apr 24 10:15:35 pop-os kernel: [    0.340304] pci 0000:00:16.3: reg 0x14: [mem 0xe1355000-0xe1355fff]
Apr 24 10:15:35 pop-os kernel: [    0.340456] pci 0000:00:17.0: [8086:282a] type 00 class 0x010400
Apr 24 10:15:35 pop-os kernel: [    0.340472] pci 0000:00:17.0: reg 0x10: [mem 0xe1350000-0xe1351fff]
Apr 24 10:15:35 pop-os kernel: [    0.340481] pci 0000:00:17.0: reg 0x14: [mem 0xe1354000-0xe13540ff]
Apr 24 10:15:35 pop-os kernel: [    0.340490] pci 0000:00:17.0: reg 0x18: [io  0xf090-0xf097]
Apr 24 10:15:35 pop-os kernel: [    0.340499] pci 0000:00:17.0: reg 0x1c: [io  0xf080-0xf083]
Apr 24 10:15:35 pop-os kernel: [    0.340509] pci 0000:00:17.0: reg 0x20: [io  0xf060-0xf07f]
Apr 24 10:15:35 pop-os kernel: [    0.340518] pci 0000:00:17.0: reg 0x24: [mem 0xe1353000-0xe13537ff]
Apr 24 10:15:35 pop-os kernel: [    0.340566] pci 0000:00:17.0: PME# supported from D3hot
Apr 24 10:15:35 pop-os kernel: [    0.341059] pci 0000:00:1c.0: [8086:9d14] type 01 class 0x060400
Apr 24 10:15:35 pop-os kernel: [    0.341165] pci 0000:00:1c.0: PME# supported from D0 D3hot D3cold
Apr 24 10:15:35 pop-os kernel: [    0.342276] pci 0000:00:1d.0: [8086:9d18] type 01 class 0x060400
Apr 24 10:15:35 pop-os kernel: [    0.342364] pci 0000:00:1d.0: PME# supported from D0 D3hot D3cold
Apr 24 10:15:35 pop-os kernel: [    0.343422] pci 0000:00:1d.2: [8086:9d1a] type 01 class 0x060400
Apr 24 10:15:35 pop-os kernel: [    0.343510] pci 0000:00:1d.2: PME# supported from D0 D3hot D3cold
Apr 24 10:15:35 pop-os kernel: [    0.344589] pci 0000:00:1f.0: [8086:9d48] type 00 class 0x060100
Apr 24 10:15:35 pop-os kernel: [    0.345127] pci 0000:00:1f.2: [8086:9d21] type 00 class 0x058000
Apr 24 10:15:35 pop-os kernel: [    0.345145] pci 0000:00:1f.2: reg 0x10: [mem 0xe134c000-0xe134ffff]
Apr 24 10:15:35 pop-os kernel: [    0.345617] pci 0000:00:1f.3: [8086:9d70] type 00 class 0x040300
Apr 24 10:15:35 pop-os kernel: [    0.345645] pci 0000:00:1f.3: reg 0x10: [mem 0xe1348000-0xe134bfff 64bit]
Apr 24 10:15:35 pop-os kernel: [    0.345682] pci 0000:00:1f.3: reg 0x20: [mem 0xe1320000-0xe132ffff 64bit]
Apr 24 10:15:35 pop-os kernel: [    0.345740] pci 0000:00:1f.3: PME# supported from D3hot D3cold
Apr 24 10:15:35 pop-os kernel: [    0.346750] pci 0000:00:1f.4: [8086:9d23] type 00 class 0x0c0500
Apr 24 10:15:35 pop-os kernel: [    0.346810] pci 0000:00:1f.4: reg 0x10: [mem 0xe1352000-0xe13520ff 64bit]
Apr 24 10:15:35 pop-os kernel: [    0.346881] pci 0000:00:1f.4: reg 0x20: [io  0xf040-0xf05f]
Apr 24 10:15:35 pop-os kernel: [    0.347355] pci 0000:00:1f.6: [8086:156f] type 00 class 0x020000
Apr 24 10:15:35 pop-os kernel: [    0.347376] pci 0000:00:1f.6: reg 0x10: [mem 0xe1300000-0xe131ffff]
Apr 24 10:15:35 pop-os kernel: [    0.347487] pci 0000:00:1f.6: PME# supported from D0 D3hot D3cold
Apr 24 10:15:35 pop-os kernel: [    0.348293] pci 0000:01:00.0: [8086:24f3] type 00 class 0x028000
Apr 24 10:15:35 pop-os kernel: [    0.348384] pci 0000:01:00.0: reg 0x10: [mem 0xe1200000-0xe1201fff 64bit]
Apr 24 10:15:35 pop-os kernel: [    0.348921] pci 0000:01:00.0: PME# supported from D0 D3hot D3cold
Apr 24 10:15:35 pop-os kernel: [    0.350499] pci 0000:00:1c.0: PCI bridge to [bus 01]
Apr 24 10:15:35 pop-os kernel: [    0.350507] pci 0000:00:1c.0:   bridge window [mem 0xe1200000-0xe12fffff]
Apr 24 10:15:35 pop-os kernel: [    0.350620] pci 0000:02:00.0: [1179:0115] type 00 class 0x010802
Apr 24 10:15:35 pop-os kernel: [    0.350642] pci 0000:02:00.0: reg 0x10: [mem 0xe1100000-0xe1103fff 64bit]
Apr 24 10:15:35 pop-os kernel: [    0.350690] pci 0000:02:00.0: enabling Extended Tags
Apr 24 10:15:35 pop-os kernel: [    0.350821] pci 0000:02:00.0: 15.752 Gb/s available PCIe bandwidth, limited by 8.0 GT/s PCIe x2 link at 0000:00:1d.0 (capable of 31.504 Gb/s with 8.0 GT/s PCIe x4 link)
Apr 24 10:15:35 pop-os kernel: [    0.351439] pci 0000:00:1d.0: PCI bridge to [bus 02]
Apr 24 10:15:35 pop-os kernel: [    0.351446] pci 0000:00:1d.0:   bridge window [mem 0xe1100000-0xe11fffff]
Apr 24 10:15:35 pop-os kernel: [    0.351545] pci 0000:03:00.0: [10ec:525a] type 00 class 0xff0000
Apr 24 10:15:35 pop-os kernel: [    0.351579] pci 0000:03:00.0: reg 0x14: [mem 0xe1000000-0xe1000fff]
Apr 24 10:15:35 pop-os kernel: [    0.351727] pci 0000:03:00.0: supports D1 D2
Apr 24 10:15:35 pop-os kernel: [    0.351729] pci 0000:03:00.0: PME# supported from D1 D2 D3hot D3cold
Apr 24 10:15:35 pop-os kernel: [    0.352421] pci 0000:00:1d.2: PCI bridge to [bus 03]
Apr 24 10:15:35 pop-os kernel: [    0.352428] pci 0000:00:1d.2:   bridge window [mem 0xe1000000-0xe10fffff]
Apr 24 10:15:35 pop-os kernel: [    0.357644] ACPI: PCI: Interrupt link LNKA configured for IRQ 11
Apr 24 10:15:35 pop-os kernel: [    0.357750] ACPI: PCI: Interrupt link LNKB configured for IRQ 10
Apr 24 10:15:35 pop-os kernel: [    0.357853] ACPI: PCI: Interrupt link LNKC configured for IRQ 11
Apr 24 10:15:35 pop-os kernel: [    0.357956] ACPI: PCI: Interrupt link LNKD configured for IRQ 11
Apr 24 10:15:35 pop-os kernel: [    0.358058] ACPI: PCI: Interrupt link LNKE configured for IRQ 11
Apr 24 10:15:35 pop-os kernel: [    0.358160] ACPI: PCI: Interrupt link LNKF configured for IRQ 11
Apr 24 10:15:35 pop-os kernel: [    0.358261] ACPI: PCI: Interrupt link LNKG configured for IRQ 11
Apr 24 10:15:35 pop-os kernel: [    0.358363] ACPI: PCI: Interrupt link LNKH configured for IRQ 11
Apr 24 10:15:35 pop-os kernel: [    0.361474] ACPI: EC: interrupt unblocked
Apr 24 10:15:35 pop-os kernel: [    0.361476] ACPI: EC: event unblocked
Apr 24 10:15:35 pop-os kernel: [    0.361487] ACPI: EC: EC_CMD/EC_SC=0x934, EC_DATA=0x930
Apr 24 10:15:35 pop-os kernel: [    0.361488] ACPI: EC: GPE=0x14
Apr 24 10:15:35 pop-os kernel: [    0.361491] ACPI: \_SB_.PCI0.LPCB.ECDV: Boot DSDT EC initialization complete
Apr 24 10:15:35 pop-os kernel: [    0.361494] ACPI: \_SB_.PCI0.LPCB.ECDV: EC: Used to handle transactions and events
Apr 24 10:15:35 pop-os kernel: [    0.361626] iommu: Default domain type: Translated 
Apr 24 10:15:35 pop-os kernel: [    0.361626] iommu: DMA domain TLB invalidation policy: lazy mode 
Apr 24 10:15:35 pop-os kernel: [    0.361626] SCSI subsystem initialized
Apr 24 10:15:35 pop-os kernel: [    0.361626] libata version 3.00 loaded.
Apr 24 10:15:35 pop-os kernel: [    0.361626] ACPI: bus type USB registered
Apr 24 10:15:35 pop-os kernel: [    0.361626] usbcore: registered new interface driver usbfs
Apr 24 10:15:35 pop-os kernel: [    0.361626] usbcore: registered new interface driver hub
Apr 24 10:15:35 pop-os kernel: [    0.361626] usbcore: registered new device driver usb
Apr 24 10:15:35 pop-os kernel: [    0.361626] pps_core: LinuxPPS API ver. 1 registered
Apr 24 10:15:35 pop-os kernel: [    0.361626] pps_core: Software ver. 5.3.6 - Copyright 2005-2007 Rodolfo Giometti <giometti@linux.it>
Apr 24 10:15:35 pop-os kernel: [    0.361626] PTP clock support registered
Apr 24 10:15:35 pop-os kernel: [    0.361626] EDAC MC: Ver: 3.0.0
Apr 24 10:15:35 pop-os kernel: [    0.361626] NetLabel: Initializing
Apr 24 10:15:35 pop-os kernel: [    0.361626] NetLabel:  domain hash size = 128
Apr 24 10:15:35 pop-os kernel: [    0.361626] NetLabel:  protocols = UNLABELED CIPSOv4 CALIPSO
Apr 24 10:15:35 pop-os kernel: [    0.361626] NetLabel:  unlabeled traffic allowed by default
Apr 24 10:15:35 pop-os kernel: [    0.361626] mctp: management component transport protocol core
Apr 24 10:15:35 pop-os kernel: [    0.361626] NET: Registered PF_MCTP protocol family
Apr 24 10:15:35 pop-os kernel: [    0.361626] PCI: Using ACPI for IRQ routing
Apr 24 10:15:35 pop-os kernel: [    0.377729] PCI: pci_cache_line_size set to 64 bytes
Apr 24 10:15:35 pop-os kernel: [    0.378257] e820: reserve RAM buffer [mem 0x0009dc00-0x0009ffff]
Apr 24 10:15:35 pop-os kernel: [    0.378260] e820: reserve RAM buffer [mem 0x9d448000-0x9fffffff]
Apr 24 10:15:35 pop-os kernel: [    0.378262] e820: reserve RAM buffer [mem 0x24e000000-0x24fffffff]
Apr 24 10:15:35 pop-os kernel: [    0.378284] pci 0000:00:02.0: vgaarb: setting as boot VGA device
Apr 24 10:15:35 pop-os kernel: [    0.378284] pci 0000:00:02.0: vgaarb: bridge control possible
Apr 24 10:15:35 pop-os kernel: [    0.378284] pci 0000:00:02.0: vgaarb: VGA device added: decodes=io+mem,owns=io+mem,locks=none
Apr 24 10:15:35 pop-os kernel: [    0.378284] vgaarb: loaded
Apr 24 10:15:35 pop-os kernel: [    0.379053] hpet0: at MMIO 0xfed00000, IRQs 2, 8, 0, 0, 0, 0, 0, 0
Apr 24 10:15:35 pop-os kernel: [    0.379065] hpet0: 8 comparators, 64-bit 24.000000 MHz counter
Apr 24 10:15:35 pop-os kernel: [    0.382256] clocksource: Switched to clocksource tsc-early
Apr 24 10:15:35 pop-os kernel: [    0.382418] VFS: Disk quotas dquot_6.6.0
Apr 24 10:15:35 pop-os kernel: [    0.382433] VFS: Dquot-cache hash table entries: 512 (order 0, 4096 bytes)
Apr 24 10:15:35 pop-os kernel: [    0.382571] AppArmor: AppArmor Filesystem Enabled
Apr 24 10:15:35 pop-os kernel: [    0.382610] pnp: PnP ACPI init
Apr 24 10:15:35 pop-os kernel: [    0.383002] system 00:00: [io  0x0680-0x069f] has been reserved
Apr 24 10:15:35 pop-os kernel: [    0.383007] system 00:00: [io  0xffff] has been reserved
Apr 24 10:15:35 pop-os kernel: [    0.383010] system 00:00: [io  0xffff] has been reserved
Apr 24 10:15:35 pop-os kernel: [    0.383013] system 00:00: [io  0xffff] has been reserved
Apr 24 10:15:35 pop-os kernel: [    0.383016] system 00:00: [io  0x1800-0x18fe] has been reserved
Apr 24 10:15:35 pop-os kernel: [    0.383018] system 00:00: [io  0x164e-0x164f] has been reserved
Apr 24 10:15:35 pop-os kernel: [    0.383243] system 00:02: [io  0x1854-0x1857] has been reserved
Apr 24 10:15:35 pop-os kernel: [    0.384713] system 00:06: [mem 0xfed10000-0xfed17fff] has been reserved
Apr 24 10:15:35 pop-os kernel: [    0.384719] system 00:06: [mem 0xfed18000-0xfed18fff] has been reserved
Apr 24 10:15:35 pop-os kernel: [    0.384722] system 00:06: [mem 0xfed19000-0xfed19fff] has been reserved
Apr 24 10:15:35 pop-os kernel: [    0.384725] system 00:06: [mem 0xf0000000-0xf7ffffff] has been reserved
Apr 24 10:15:35 pop-os kernel: [    0.384727] system 00:06: [mem 0xfed20000-0xfed3ffff] has been reserved
Apr 24 10:15:35 pop-os kernel: [    0.384730] system 00:06: [mem 0xfed90000-0xfed93fff] could not be reserved
Apr 24 10:15:35 pop-os kernel: [    0.384733] system 00:06: [mem 0xfed45000-0xfed8ffff] has been reserved
Apr 24 10:15:35 pop-os kernel: [    0.384735] system 00:06: [mem 0xff000000-0xffffffff] has been reserved
Apr 24 10:15:35 pop-os kernel: [    0.384738] system 00:06: [mem 0xfee00000-0xfeefffff] could not be reserved
Apr 24 10:15:35 pop-os kernel: [    0.384741] system 00:06: [mem 0xeffe0000-0xefffffff] has been reserved
Apr 24 10:15:35 pop-os kernel: [    0.384815] system 00:07: [mem 0xfd000000-0xfdabffff] has been reserved
Apr 24 10:15:35 pop-os kernel: [    0.384818] system 00:07: [mem 0xfdad0000-0xfdadffff] has been reserved
Apr 24 10:15:35 pop-os kernel: [    0.384821] system 00:07: [mem 0xfdb00000-0xfdffffff] has been reserved
Apr 24 10:15:35 pop-os kernel: [    0.384824] system 00:07: [mem 0xfe000000-0xfe01ffff] could not be reserved
Apr 24 10:15:35 pop-os kernel: [    0.384826] system 00:07: [mem 0xfe036000-0xfe03bfff] has been reserved
Apr 24 10:15:35 pop-os kernel: [    0.384829] system 00:07: [mem 0xfe03d000-0xfe3fffff] has been reserved
Apr 24 10:15:35 pop-os kernel: [    0.384831] system 00:07: [mem 0xfe410000-0xfe7fffff] has been reserved
Apr 24 10:15:35 pop-os kernel: [    0.385369] system 00:08: [io  0xff00-0xfffe] has been reserved
Apr 24 10:15:35 pop-os kernel: [    0.387663] system 00:09: [mem 0xfe029000-0xfe029fff] has been reserved
Apr 24 10:15:35 pop-os kernel: [    0.387667] system 00:09: [mem 0xfe028000-0xfe028fff] has been reserved
Apr 24 10:15:35 pop-os kernel: [    0.387669] system 00:09: [mem 0xfdaf0000-0xfdafffff] has been reserved
Apr 24 10:15:35 pop-os kernel: [    0.387672] system 00:09: [mem 0xfdae0000-0xfdaeffff] has been reserved
Apr 24 10:15:35 pop-os kernel: [    0.387675] system 00:09: [mem 0xfdac0000-0xfdacffff] has been reserved
Apr 24 10:15:35 pop-os kernel: [    0.391078] pnp: PnP ACPI: found 11 devices
Apr 24 10:15:35 pop-os kernel: [    0.397606] clocksource: acpi_pm: mask: 0xffffff max_cycles: 0xffffff, max_idle_ns: 2085701024 ns
Apr 24 10:15:35 pop-os kernel: [    0.397720] NET: Registered PF_INET protocol family
Apr 24 10:15:35 pop-os kernel: [    0.397827] IP idents hash table entries: 131072 (order: 8, 1048576 bytes, linear)
Apr 24 10:15:35 pop-os kernel: [    0.399993] tcp_listen_portaddr_hash hash table entries: 4096 (order: 4, 65536 bytes, linear)
Apr 24 10:15:35 pop-os kernel: [    0.400024] Table-perturb hash table entries: 65536 (order: 6, 262144 bytes, linear)
Apr 24 10:15:35 pop-os kernel: [    0.400077] TCP established hash table entries: 65536 (order: 7, 524288 bytes, linear)
Apr 24 10:15:35 pop-os kernel: [    0.400294] TCP bind hash table entries: 65536 (order: 9, 2097152 bytes, linear)
Apr 24 10:15:35 pop-os kernel: [    0.400627] TCP: Hash tables configured (established 65536 bind 65536)
Apr 24 10:15:35 pop-os kernel: [    0.400711] MPTCP token hash table entries: 8192 (order: 5, 196608 bytes, linear)
Apr 24 10:15:35 pop-os kernel: [    0.400748] UDP hash table entries: 4096 (order: 5, 131072 bytes, linear)
Apr 24 10:15:35 pop-os kernel: [    0.400775] UDP-Lite hash table entries: 4096 (order: 5, 131072 bytes, linear)
Apr 24 10:15:35 pop-os kernel: [    0.400838] NET: Registered PF_UNIX/PF_LOCAL protocol family
Apr 24 10:15:35 pop-os kernel: [    0.400846] NET: Registered PF_XDP protocol family
Apr 24 10:15:35 pop-os kernel: [    0.400862] pci 0000:00:1c.0: PCI bridge to [bus 01]
Apr 24 10:15:35 pop-os kernel: [    0.400871] pci 0000:00:1c.0:   bridge window [mem 0xe1200000-0xe12fffff]
Apr 24 10:15:35 pop-os kernel: [    0.400880] pci 0000:00:1d.0: PCI bridge to [bus 02]
Apr 24 10:15:35 pop-os kernel: [    0.400885] pci 0000:00:1d.0:   bridge window [mem 0xe1100000-0xe11fffff]
Apr 24 10:15:35 pop-os kernel: [    0.400892] pci 0000:00:1d.2: PCI bridge to [bus 03]
Apr 24 10:15:35 pop-os kernel: [    0.400897] pci 0000:00:1d.2:   bridge window [mem 0xe1000000-0xe10fffff]
Apr 24 10:15:35 pop-os kernel: [    0.400905] pci_bus 0000:00: resource 4 [io  0x0000-0x0cf7 window]
Apr 24 10:15:35 pop-os kernel: [    0.400908] pci_bus 0000:00: resource 5 [io  0x0d00-0xffff window]
Apr 24 10:15:35 pop-os kernel: [    0.400910] pci_bus 0000:00: resource 6 [mem 0x000a0000-0x000bffff window]
Apr 24 10:15:35 pop-os kernel: [    0.400913] pci_bus 0000:00: resource 7 [mem 0xb0000000-0xefffffff window]
Apr 24 10:15:35 pop-os kernel: [    0.400915] pci_bus 0000:00: resource 8 [mem 0xfd000000-0xfe7fffff window]
Apr 24 10:15:35 pop-os kernel: [    0.400918] pci_bus 0000:01: resource 1 [mem 0xe1200000-0xe12fffff]
Apr 24 10:15:35 pop-os kernel: [    0.400923] pci_bus 0000:02: resource 1 [mem 0xe1100000-0xe11fffff]
Apr 24 10:15:35 pop-os kernel: [    0.400925] pci_bus 0000:03: resource 1 [mem 0xe1000000-0xe10fffff]
Apr 24 10:15:35 pop-os kernel: [    0.402578] PCI: CLS 0 bytes, default 64
Apr 24 10:15:35 pop-os kernel: [    0.402601] PCI-DMA: Using software bounce buffering for IO (SWIOTLB)
Apr 24 10:15:35 pop-os kernel: [    0.402602] software IO TLB: mapped [mem 0x0000000099448000-0x000000009d448000] (64MB)
Apr 24 10:15:35 pop-os kernel: [    0.402652] Trying to unpack rootfs image as initramfs...
Apr 24 10:15:35 pop-os kernel: [    0.409860] Initialise system trusted keyrings
Apr 24 10:15:35 pop-os kernel: [    0.409871] Key type blacklist registered
Apr 24 10:15:35 pop-os kernel: [    0.409926] workingset: timestamp_bits=36 max_order=21 bucket_order=0
Apr 24 10:15:35 pop-os kernel: [    0.409943] zbud: loaded
Apr 24 10:15:35 pop-os kernel: [    0.410235] squashfs: version 4.0 (2009/01/31) Phillip Lougher
Apr 24 10:15:35 pop-os kernel: [    0.410344] fuse: init (API version 7.38)
Apr 24 10:15:35 pop-os kernel: [    0.410489] integrity: Platform Keyring initialized
Apr 24 10:15:35 pop-os kernel: [    0.410493] integrity: Machine keyring initialized
Apr 24 10:15:35 pop-os kernel: [    0.421147] Key type asymmetric registered
Apr 24 10:15:35 pop-os kernel: [    0.421151] Asymmetric key parser 'x509' registered
Apr 24 10:15:35 pop-os kernel: [    0.421177] Block layer SCSI generic (bsg) driver version 0.4 loaded (major 243)
Apr 24 10:15:35 pop-os kernel: [    0.421269] io scheduler mq-deadline registered
Apr 24 10:15:35 pop-os kernel: [    0.421864] pcieport 0000:00:1c.0: PME: Signaling with IRQ 122
Apr 24 10:15:35 pop-os kernel: [    0.421968] pcieport 0000:00:1c.0: AER: enabled with IRQ 122
Apr 24 10:15:35 pop-os kernel: [    0.422293] pcieport 0000:00:1d.0: PME: Signaling with IRQ 123
Apr 24 10:15:35 pop-os kernel: [    0.422373] pcieport 0000:00:1d.0: AER: enabled with IRQ 123
Apr 24 10:15:35 pop-os kernel: [    0.422667] pcieport 0000:00:1d.2: PME: Signaling with IRQ 124
Apr 24 10:15:35 pop-os kernel: [    0.422755] pcieport 0000:00:1d.2: AER: enabled with IRQ 124
Apr 24 10:15:35 pop-os kernel: [    0.422860] shpchp: Standard Hot Plug PCI Controller Driver version: 0.4
Apr 24 10:15:35 pop-os kernel: [    0.425413] ACPI: AC: AC Adapter [AC] (off-line)
Apr 24 10:15:35 pop-os kernel: [    0.425506] input: Lid Switch as /devices/LNXSYSTM:00/LNXSYBUS:00/PNP0C0D:00/input/input0
Apr 24 10:15:35 pop-os kernel: [    0.425663] ACPI: button: Lid Switch [LID0]
Apr 24 10:15:35 pop-os kernel: [    0.425714] input: Power Button as /devices/LNXSYSTM:00/LNXSYBUS:00/PNP0C0C:00/input/input1
Apr 24 10:15:35 pop-os kernel: [    0.425763] ACPI: button: Power Button [PBTN]
Apr 24 10:15:35 pop-os kernel: [    0.425804] input: Sleep Button as /devices/LNXSYSTM:00/LNXSYBUS:00/PNP0C0E:00/input/input2
Apr 24 10:15:35 pop-os kernel: [    0.425827] ACPI: button: Sleep Button [SBTN]
Apr 24 10:15:35 pop-os kernel: [    0.425865] input: Power Button as /devices/LNXSYSTM:00/LNXPWRBN:00/input/input3
Apr 24 10:15:35 pop-os kernel: [    0.425909] ACPI: button: Power Button [PWRF]
Apr 24 10:15:35 pop-os kernel: [    0.428302] thermal LNXTHERM:00: registered as thermal_zone0
Apr 24 10:15:35 pop-os kernel: [    0.428307] ACPI: thermal: Thermal Zone [THM] (25 C)
Apr 24 10:15:35 pop-os kernel: [    0.428674] Serial: 8250/16550 driver, 32 ports, IRQ sharing enabled
Apr 24 10:15:35 pop-os kernel: [    0.451854] 0000:00:16.3: ttyS4 at I/O 0xf0a0 (irq = 19, base_baud = 115200) is a 16550A
Apr 24 10:15:35 pop-os kernel: [    0.454392] Linux agpgart interface v0.103
Apr 24 10:15:35 pop-os kernel: [    0.458311] tpm_tis 00:0a: 1.2 TPM (device-id 0xFE, rev-id 2)
Apr 24 10:15:35 pop-os kernel: [    0.475309] loop: module loaded
Apr 24 10:15:35 pop-os kernel: [    0.475662] tun: Universal TUN/TAP device driver, 1.6
Apr 24 10:15:35 pop-os kernel: [    0.475702] PPP generic driver version 2.4.2
Apr 24 10:15:35 pop-os kernel: [    0.475840] VFIO - User Level meta-driver version: 0.3
Apr 24 10:15:35 pop-os kernel: [    0.476022] i8042: PNP: PS/2 Controller [PNP0303:PS2K,PNP0f13:PS2M] at 0x60,0x64 irq 1,12
Apr 24 10:15:35 pop-os kernel: [    0.476296] i8042: Warning: Keylock active
Apr 24 10:15:35 pop-os kernel: [    0.478792] serio: i8042 KBD port at 0x60,0x64 irq 1
Apr 24 10:15:35 pop-os kernel: [    0.478800] serio: i8042 AUX port at 0x60,0x64 irq 12
Apr 24 10:15:35 pop-os kernel: [    0.478969] mousedev: PS/2 mouse device common for all mice
Apr 24 10:15:35 pop-os kernel: [    0.479267] rtc_cmos 00:01: RTC can wake from S4
Apr 24 10:15:35 pop-os kernel: [    0.479590] ACPI: battery: Slot [BAT0] (battery present)
Apr 24 10:15:35 pop-os kernel: [    0.480082] rtc_cmos 00:01: registered as rtc0
Apr 24 10:15:35 pop-os kernel: [    0.480239] rtc_cmos 00:01: setting system clock to 2023-04-24T09:15:27 UTC (1682327727)
Apr 24 10:15:35 pop-os kernel: [    0.480274] rtc_cmos 00:01: alarms up to one month, y3k, 242 bytes nvram
Apr 24 10:15:35 pop-os kernel: [    0.480289] i2c_dev: i2c /dev entries driver
Apr 24 10:15:35 pop-os kernel: [    0.480420] device-mapper: core: CONFIG_IMA_DISABLE_HTABLE is disabled. Duplicate IMA measurements will not be recorded in the IMA log.
Apr 24 10:15:35 pop-os kernel: [    0.480437] device-mapper: uevent: version 1.0.3
Apr 24 10:15:35 pop-os kernel: [    0.480530] device-mapper: ioctl: 4.47.0-ioctl (2022-07-28) initialised: dm-devel@redhat.com
Apr 24 10:15:35 pop-os kernel: [    0.480560] platform eisa.0: Probing EISA bus 0
Apr 24 10:15:35 pop-os kernel: [    0.480564] platform eisa.0: EISA: Cannot allocate resource for mainboard
Apr 24 10:15:35 pop-os kernel: [    0.480566] platform eisa.0: Cannot allocate resource for EISA slot 1
Apr 24 10:15:35 pop-os kernel: [    0.480568] platform eisa.0: Cannot allocate resource for EISA slot 2
Apr 24 10:15:35 pop-os kernel: [    0.480570] platform eisa.0: Cannot allocate resource for EISA slot 3
Apr 24 10:15:35 pop-os kernel: [    0.480572] platform eisa.0: Cannot allocate resource for EISA slot 4
Apr 24 10:15:35 pop-os kernel: [    0.480574] platform eisa.0: Cannot allocate resource for EISA slot 5
Apr 24 10:15:35 pop-os kernel: [    0.480576] platform eisa.0: Cannot allocate resource for EISA slot 6
Apr 24 10:15:35 pop-os kernel: [    0.480578] platform eisa.0: Cannot allocate resource for EISA slot 7
Apr 24 10:15:35 pop-os kernel: [    0.480580] platform eisa.0: Cannot allocate resource for EISA slot 8
Apr 24 10:15:35 pop-os kernel: [    0.480581] platform eisa.0: EISA: Detected 0 cards
Apr 24 10:15:35 pop-os kernel: [    0.480585] intel_pstate: Intel P-state driver initializing
Apr 24 10:15:35 pop-os kernel: [    0.480701] input: AT Translated Set 2 keyboard as /devices/platform/i8042/serio0/input/input4
Apr 24 10:15:35 pop-os kernel: [    0.482317] intel_pstate: HWP enabled
Apr 24 10:15:35 pop-os kernel: [    0.482465] ledtrig-cpu: registered to indicate activity on CPUs
Apr 24 10:15:35 pop-os kernel: [    0.482503] vesafb: mode is 1366x768x32, linelength=5504, pages=0
Apr 24 10:15:35 pop-os kernel: [    0.482505] vesafb: scrolling: redraw
Apr 24 10:15:35 pop-os kernel: [    0.482506] vesafb: Truecolor: size=8:8:8:8, shift=24:16:8:0
Apr 24 10:15:35 pop-os kernel: [    0.482521] vesafb: framebuffer at 0xd0000000, mapped to 0x00000000492c00c4, using 4160k, total 4160k
Apr 24 10:15:35 pop-os kernel: [    0.482622] Console: switching to colour frame buffer device 170x48
Apr 24 10:15:35 pop-os kernel: [    0.558101] fb0: VESA VGA frame buffer device
Apr 24 10:15:35 pop-os kernel: [    0.558207] intel_pmc_core INT33A1:00:  initialized
Apr 24 10:15:35 pop-os kernel: [    0.558299] drop_monitor: Initializing network drop monitor service
Apr 24 10:15:35 pop-os kernel: [    0.576308] NET: Registered PF_INET6 protocol family
Apr 24 10:15:35 pop-os kernel: [    1.123472] Freeing initrd memory: 129680K
Apr 24 10:15:35 pop-os kernel: [    1.132164] Segment Routing with IPv6
Apr 24 10:15:35 pop-os kernel: [    1.132179] In-situ OAM (IOAM) with IPv6
Apr 24 10:15:35 pop-os kernel: [    1.132210] NET: Registered PF_PACKET protocol family
Apr 24 10:15:35 pop-os kernel: [    1.132393] Key type dns_resolver registered
Apr 24 10:15:35 pop-os kernel: [    1.133092] microcode: Microcode Update Driver: v2.2.
Apr 24 10:15:35 pop-os kernel: [    1.133097] IPI shorthand broadcast: enabled
Apr 24 10:15:35 pop-os kernel: [    1.134714] sched_clock: Marking stable (1132769895, 434964)->(1144121258, -10916399)
Apr 24 10:15:35 pop-os kernel: [    1.135110] registered taskstats version 1
Apr 24 10:15:35 pop-os kernel: [    1.135454] Loading compiled-in X.509 certificates
Apr 24 10:15:35 pop-os kernel: [    1.136133] Loaded X.509 cert 'Build time autogenerated kernel key: 154f5525ff0db0f6854d60cbc1ab66896b29fed8'
Apr 24 10:15:35 pop-os kernel: [    1.136614] Loaded X.509 cert 'Canonical Ltd. Live Patch Signing: 14df34d1a87cf37625abec039ef2bf521249b969'
Apr 24 10:15:35 pop-os kernel: [    1.137087] Loaded X.509 cert 'Canonical Ltd. Kernel Module Signing: 88f752e560a1e0737e31163a466ad7b70a850c19'
Apr 24 10:15:35 pop-os kernel: [    1.137088] blacklist: Loading compiled-in revocation X.509 certificates
Apr 24 10:15:35 pop-os kernel: [    1.137106] Loaded X.509 cert 'Canonical Ltd. Secure Boot Signing: 61482aa2830d0ab2ad5af10b7250da9033ddcef0'
Apr 24 10:15:35 pop-os kernel: [    1.137124] Loaded X.509 cert 'Canonical Ltd. Secure Boot Signing (2017): 242ade75ac4a15e50d50c84b0d45ff3eae707a03'
Apr 24 10:15:35 pop-os kernel: [    1.137139] Loaded X.509 cert 'Canonical Ltd. Secure Boot Signing (ESM 2018): 365188c1d374d6b07c3c8f240f8ef722433d6a8b'
Apr 24 10:15:35 pop-os kernel: [    1.137153] Loaded X.509 cert 'Canonical Ltd. Secure Boot Signing (2019): c0746fd6c5da3ae827864651ad66ae47fe24b3e8'
Apr 24 10:15:35 pop-os kernel: [    1.137168] Loaded X.509 cert 'Canonical Ltd. Secure Boot Signing (2021 v1): a8d54bbb3825cfb94fa13c9f8a594a195c107b8d'
Apr 24 10:15:35 pop-os kernel: [    1.137184] Loaded X.509 cert 'Canonical Ltd. Secure Boot Signing (2021 v2): 4cf046892d6fd3c9a5b03f98d845f90851dc6a8c'
Apr 24 10:15:35 pop-os kernel: [    1.137201] Loaded X.509 cert 'Canonical Ltd. Secure Boot Signing (2021 v3): 100437bb6de6e469b581e61cd66bce3ef4ed53af'
Apr 24 10:15:35 pop-os kernel: [    1.137241] Loaded X.509 cert 'Canonical Ltd. Secure Boot Signing (Ubuntu Core 2019): c1d57b8f6b743f23ee41f4f7ee292f06eecadfb9'
Apr 24 10:15:35 pop-os kernel: [    1.137380] zswap: loaded using pool lzo/zbud
Apr 24 10:15:35 pop-os kernel: [    1.139681] Key type .fscrypt registered
Apr 24 10:15:35 pop-os kernel: [    1.139683] Key type fscrypt-provisioning registered
Apr 24 10:15:35 pop-os kernel: [    1.139874] Key type trusted registered
Apr 24 10:15:35 pop-os kernel: [    1.144175] Key type encrypted registered
Apr 24 10:15:35 pop-os kernel: [    1.144181] AppArmor: AppArmor sha1 policy hashing enabled
Apr 24 10:15:35 pop-os kernel: [    1.144194] Loading compiled-in module X.509 certificates
Apr 24 10:15:35 pop-os kernel: [    1.144704] Loaded X.509 cert 'Build time autogenerated kernel key: 154f5525ff0db0f6854d60cbc1ab66896b29fed8'
Apr 24 10:15:35 pop-os kernel: [    1.144707] ima: Allocated hash algorithm: sha1
Apr 24 10:15:35 pop-os kernel: [    1.165253] ima: No architecture policies found
Apr 24 10:15:35 pop-os kernel: [    1.165292] evm: Initialising EVM extended attributes:
Apr 24 10:15:35 pop-os kernel: [    1.165294] evm: security.selinux
Apr 24 10:15:35 pop-os kernel: [    1.165297] evm: security.SMACK64
Apr 24 10:15:35 pop-os kernel: [    1.165300] evm: security.SMACK64EXEC
Apr 24 10:15:35 pop-os kernel: [    1.165302] evm: security.SMACK64TRANSMUTE
Apr 24 10:15:35 pop-os kernel: [    1.165304] evm: security.SMACK64MMAP
Apr 24 10:15:35 pop-os kernel: [    1.165305] evm: security.apparmor
Apr 24 10:15:35 pop-os kernel: [    1.165307] evm: security.ima
Apr 24 10:15:35 pop-os kernel: [    1.165309] evm: security.capability
Apr 24 10:15:35 pop-os kernel: [    1.165311] evm: HMAC attrs: 0x1
Apr 24 10:15:35 pop-os kernel: [    1.166168] PM:   Magic number: 3:464:273
Apr 24 10:15:35 pop-os kernel: [    1.166203] tty tty10: hash matches
Apr 24 10:15:35 pop-os kernel: [    1.166213] net lo: hash matches
Apr 24 10:15:35 pop-os kernel: [    1.166638] RAS: Correctable Errors collector initialized.
Apr 24 10:15:35 pop-os kernel: [    1.170179] Freeing unused decrypted memory: 2036K
Apr 24 10:15:35 pop-os kernel: [    1.171474] Freeing unused kernel image (initmem) memory: 4656K
Apr 24 10:15:35 pop-os kernel: [    1.193449] Write protecting the kernel read-only data: 34816k
Apr 24 10:15:35 pop-os kernel: [    1.194612] Freeing unused kernel image (rodata/data gap) memory: 1640K
Apr 24 10:15:35 pop-os kernel: [    1.249431] x86/mm: Checked W+X mappings: passed, no W+X pages found.
Apr 24 10:15:35 pop-os kernel: [    1.249433] x86/mm: Checking user space page tables
Apr 24 10:15:35 pop-os kernel: [    1.299837] x86/mm: Checked W+X mappings: passed, no W+X pages found.
Apr 24 10:15:35 pop-os kernel: [    1.299842] Run /init as init process
Apr 24 10:15:35 pop-os kernel: [    1.299844]   with arguments:
Apr 24 10:15:35 pop-os kernel: [    1.299845]     /init
Apr 24 10:15:35 pop-os kernel: [    1.299846]     splash
Apr 24 10:15:35 pop-os kernel: [    1.299847]   with environment:
Apr 24 10:15:35 pop-os kernel: [    1.299848]     HOME=/
Apr 24 10:15:35 pop-os kernel: [    1.299849]     TERM=linux
Apr 24 10:15:35 pop-os kernel: [    1.299850]     BOOT_IMAGE=/boot/vmlinuz-6.2.6-76060206-generic
Apr 24 10:15:35 pop-os kernel: [    1.416688] wmi_bus wmi_bus-PNP0C14:00: WQBC data block query control method not found
Apr 24 10:15:35 pop-os kernel: [    1.433228] tsc: Refined TSC clocksource calibration: 2496.008 MHz
Apr 24 10:15:35 pop-os kernel: [    1.433237] clocksource: tsc: mask: 0xffffffffffffffff max_cycles: 0x23fa7ec29e6, max_idle_ns: 440795214074 ns
Apr 24 10:15:35 pop-os kernel: [    1.433257] clocksource: Switched to clocksource tsc
Apr 24 10:15:35 pop-os kernel: [    1.469448] xhci_hcd 0000:00:14.0: xHCI Host Controller
Apr 24 10:15:35 pop-os kernel: [    1.469458] xhci_hcd 0000:00:14.0: new USB bus registered, assigned bus number 1
Apr 24 10:15:35 pop-os kernel: [    1.470537] xhci_hcd 0000:00:14.0: hcc params 0x200077c1 hci version 0x100 quirks 0x0000000081109810
Apr 24 10:15:35 pop-os kernel: [    1.470937] xhci_hcd 0000:00:14.0: xHCI Host Controller
Apr 24 10:15:35 pop-os kernel: [    1.470943] xhci_hcd 0000:00:14.0: new USB bus registered, assigned bus number 2
Apr 24 10:15:35 pop-os kernel: [    1.470947] xhci_hcd 0000:00:14.0: Host supports USB 3.0 SuperSpeed
Apr 24 10:15:35 pop-os kernel: [    1.471003] usb usb1: New USB device found, idVendor=1d6b, idProduct=0002, bcdDevice= 6.02
Apr 24 10:15:35 pop-os kernel: [    1.471008] usb usb1: New USB device strings: Mfr=3, Product=2, SerialNumber=1
Apr 24 10:15:35 pop-os kernel: [    1.471010] usb usb1: Product: xHCI Host Controller
Apr 24 10:15:35 pop-os kernel: [    1.471013] usb usb1: Manufacturer: Linux 6.2.6-76060206-generic xhci-hcd
Apr 24 10:15:35 pop-os kernel: [    1.471015] usb usb1: SerialNumber: 0000:00:14.0
Apr 24 10:15:35 pop-os kernel: [    1.471185] hub 1-0:1.0: USB hub found
Apr 24 10:15:35 pop-os kernel: [    1.471204] hub 1-0:1.0: 12 ports detected
Apr 24 10:15:35 pop-os kernel: [    1.474720] usb usb2: New USB device found, idVendor=1d6b, idProduct=0003, bcdDevice= 6.02
Apr 24 10:15:35 pop-os kernel: [    1.474725] usb usb2: New USB device strings: Mfr=3, Product=2, SerialNumber=1
Apr 24 10:15:35 pop-os kernel: [    1.474728] usb usb2: Product: xHCI Host Controller
Apr 24 10:15:35 pop-os kernel: [    1.474730] usb usb2: Manufacturer: Linux 6.2.6-76060206-generic xhci-hcd
Apr 24 10:15:35 pop-os kernel: [    1.474733] usb usb2: SerialNumber: 0000:00:14.0
Apr 24 10:15:35 pop-os kernel: [    1.474857] hub 2-0:1.0: USB hub found
Apr 24 10:15:35 pop-os kernel: [    1.474871] hub 2-0:1.0: 6 ports detected
Apr 24 10:15:35 pop-os kernel: [    1.477587] cryptd: max_cpu_qlen set to 1000
Apr 24 10:15:35 pop-os kernel: [    1.513182] AVX2 version of gcm_enc/dec engaged.
Apr 24 10:15:35 pop-os kernel: [    1.513601] AES CTR mode by8 optimization enabled
Apr 24 10:15:35 pop-os kernel: [    1.515844] ACPI: bus type drm_connector registered
Apr 24 10:15:35 pop-os kernel: [    1.516400] i801_smbus 0000:00:1f.4: SPD Write Disable is set
Apr 24 10:15:35 pop-os kernel: [    1.516450] i801_smbus 0000:00:1f.4: SMBus using PCI interrupt
Apr 24 10:15:35 pop-os kernel: [    1.516501] pci 0000:00:1f.1: [8086:9d20] type 00 class 0x058000
Apr 24 10:15:35 pop-os kernel: [    1.516569] pci 0000:00:1f.1: reg 0x10: [mem 0xfd000000-0xfdffffff 64bit]
Apr 24 10:15:35 pop-os kernel: [    1.522758] e1000e: Intel(R) PRO/1000 Network Driver
Apr 24 10:15:35 pop-os kernel: [    1.522762] e1000e: Copyright(c) 1999 - 2015 Intel Corporation.
Apr 24 10:15:35 pop-os kernel: [    1.523221] e1000e 0000:00:1f.6: Interrupt Throttling Rate (ints/sec) set to dynamic conservative mode
Apr 24 10:15:35 pop-os kernel: [    1.525694] ahci 0000:00:17.0: version 3.0
Apr 24 10:15:35 pop-os kernel: [    1.526704] ahci 0000:00:17.0: SSS flag set, parallel bus scan disabled
Apr 24 10:15:35 pop-os kernel: [    1.526731] ahci 0000:00:17.0: AHCI 0001.0301 32 slots 2 ports 6 Gbps 0x3 impl RAID mode
Apr 24 10:15:35 pop-os kernel: [    1.526735] ahci 0000:00:17.0: flags: 64bit ncq ilck stag pm led clo only pio slum part sxs deso sadm sds apst 
Apr 24 10:15:35 pop-os kernel: [    1.531760] scsi host0: ahci
Apr 24 10:15:35 pop-os kernel: [    1.531900] scsi host1: ahci
Apr 24 10:15:35 pop-os kernel: [    1.531952] ata1: SATA max UDMA/133 abar m2048@0xe1353000 port 0xe1353100 irq 127
Apr 24 10:15:35 pop-os kernel: [    1.531955] ata2: SATA max UDMA/133 abar m2048@0xe1353000 port 0xe1353180 irq 127
Apr 24 10:15:35 pop-os kernel: [    1.538069] i2c i2c-0: 1/2 memory slots populated (from DMI)
Apr 24 10:15:35 pop-os kernel: [    1.714851] e1000e 0000:00:1f.6 0000:00:1f.6 (uninitialized): registered PHC clock
Apr 24 10:15:35 pop-os kernel: [    1.729348] usb 1-2: new high-speed USB device number 2 using xhci_hcd
Apr 24 10:15:35 pop-os kernel: [    1.785889] e1000e 0000:00:1f.6 eth0: (PCI Express:2.5GT/s:Width x1) 18:db:f2:43:9c:95
Apr 24 10:15:35 pop-os kernel: [    1.785907] e1000e 0000:00:1f.6 eth0: Intel(R) PRO/1000 Network Connection
Apr 24 10:15:35 pop-os kernel: [    1.786021] e1000e 0000:00:1f.6 eth0: MAC: 12, PHY: 12, PBA No: FFFFFF-0FF
Apr 24 10:15:35 pop-os kernel: [    1.845016] ata1: SATA link down (SStatus 4 SControl 300)
Apr 24 10:15:35 pop-os kernel: [    1.913196] usb 1-2: New USB device found, idVendor=0bda, idProduct=57c3, bcdDevice=58.06
Apr 24 10:15:35 pop-os kernel: [    1.913222] usb 1-2: New USB device strings: Mfr=3, Product=1, SerialNumber=2
Apr 24 10:15:35 pop-os kernel: [    1.913229] usb 1-2: Product: Integrated_Webcam_HD
Apr 24 10:15:35 pop-os kernel: [    1.913234] usb 1-2: Manufacturer: CN0J8NNP724876A3A8DEA01
Apr 24 10:15:35 pop-os kernel: [    1.913239] usb 1-2: SerialNumber: 200901010001
Apr 24 10:15:35 pop-os kernel: [    2.045314] usb 1-7: new full-speed USB device number 3 using xhci_hcd
Apr 24 10:15:35 pop-os kernel: [    2.161788] ata2: SATA link down (SStatus 0 SControl 300)
Apr 24 10:15:35 pop-os kernel: [    2.172402] nvme nvme0: pci function 0000:02:00.0
Apr 24 10:15:35 pop-os kernel: [    2.176750] e1000e 0000:00:1f.6 enp0s31f6: renamed from eth0
Apr 24 10:15:35 pop-os kernel: [    2.179850] nvme nvme0: 4/0/0 default/read/poll queues
Apr 24 10:15:35 pop-os kernel: [    2.181116]  nvme0n1: p1 p2
Apr 24 10:15:35 pop-os kernel: [    2.194663] usb 1-7: New USB device found, idVendor=0a5c, idProduct=5832, bcdDevice= 1.01
Apr 24 10:15:35 pop-os kernel: [    2.194682] usb 1-7: New USB device strings: Mfr=1, Product=2, SerialNumber=3
Apr 24 10:15:35 pop-os kernel: [    2.194695] usb 1-7: Product: 5880
Apr 24 10:15:35 pop-os kernel: [    2.194700] usb 1-7: Manufacturer: Broadcom Corp
Apr 24 10:15:35 pop-os kernel: [    2.194705] usb 1-7: SerialNumber: 0123456789ABCD
Apr 24 10:15:35 pop-os kernel: [    2.325251] usb 1-8: new full-speed USB device number 4 using xhci_hcd
Apr 24 10:15:35 pop-os kernel: [    2.474561] usb 1-8: New USB device found, idVendor=8087, idProduct=0a2b, bcdDevice= 0.01
Apr 24 10:15:35 pop-os kernel: [    2.474565] usb 1-8: New USB device strings: Mfr=0, Product=0, SerialNumber=0
Apr 24 10:15:35 pop-os kernel: [    2.629940] Console: switching to colour dummy device 80x25
Apr 24 10:15:35 pop-os kernel: [    2.630003] i915 0000:00:02.0: vgaarb: deactivate vga console
Apr 24 10:15:35 pop-os kernel: [    2.632349] i915 0000:00:02.0: vgaarb: changed VGA decodes: olddecodes=io+mem,decodes=io+mem:owns=io+mem
Apr 24 10:15:35 pop-os kernel: [    2.632898] i915 0000:00:02.0: [drm] Finished loading DMC firmware i915/skl_dmc_ver1_27.bin (v1.27)
Apr 24 10:15:35 pop-os kernel: [    2.673947] i915 0000:00:02.0: [drm] [ENCODER:102:DDI B/PHY B] is disabled/in DSI mode with an ungated DDI clock, gate it
Apr 24 10:15:35 pop-os kernel: [    2.673953] i915 0000:00:02.0: [drm] [ENCODER:110:DDI C/PHY C] is disabled/in DSI mode with an ungated DDI clock, gate it
Apr 24 10:15:35 pop-os kernel: [    2.732716] input: AlpsPS/2 ALPS GlidePoint as /devices/platform/i8042/serio1/input/input6
Apr 24 10:15:35 pop-os kernel: [    3.804184] [drm] Initialized i915 1.6.0 20201103 for 0000:00:02.0 on minor 0
Apr 24 10:15:35 pop-os kernel: [    3.811808] ACPI: video: Video Device [GFX0] (multi-head: yes  rom: no  post: no)
Apr 24 10:15:35 pop-os kernel: [    3.813950] input: Video Bus as /devices/LNXSYSTM:00/LNXSYBUS:00/PNP0A08:00/LNXVIDEO:00/input/input7
Apr 24 10:15:35 pop-os kernel: [    3.825168] fbcon: i915drmfb (fb0) is primary device
Apr 24 10:15:35 pop-os kernel: [    4.921794] Console: switching to colour frame buffer device 170x48
Apr 24 10:15:35 pop-os kernel: [    4.941883] i915 0000:00:02.0: [drm] fb0: i915drmfb frame buffer device
Apr 24 10:15:35 pop-os kernel: [    5.110277] system76_acpi: loading out-of-tree module taints kernel.
Apr 24 10:15:35 pop-os kernel: [    5.110301] system76_acpi: module verification failed: signature and/or required key missing - tainting kernel
Apr 24 10:15:35 pop-os kernel: [    5.113690] system76: Model does not utilize this driver
Apr 24 10:15:35 pop-os kernel: [    5.171267] usbcore: registered new interface driver system76-io
Apr 24 10:15:35 pop-os kernel: [    5.285241] raid6: avx2x4   gen() 32312 MB/s
Apr 24 10:15:35 pop-os kernel: [    5.353241] raid6: avx2x2   gen() 32125 MB/s
Apr 24 10:15:35 pop-os kernel: [    5.421244] raid6: avx2x1   gen() 27982 MB/s
Apr 24 10:15:35 pop-os kernel: [    5.421246] raid6: using algorithm avx2x4 gen() 32312 MB/s
Apr 24 10:15:35 pop-os kernel: [    5.489243] raid6: .... xor() 12513 MB/s, rmw enabled
Apr 24 10:15:35 pop-os kernel: [    5.489245] raid6: using avx2x2 recovery algorithm
Apr 24 10:15:35 pop-os kernel: [    5.490258] xor: automatically using best checksumming function   avx       
Apr 24 10:15:35 pop-os kernel: [    5.491082] async_tx: api initialized (async)
Apr 24 10:15:35 pop-os kernel: [    5.805129] Btrfs loaded, crc32c=crc32c-intel, zoned=yes, fsverity=yes
Apr 24 10:15:35 pop-os kernel: [    5.861980] EXT4-fs (nvme0n1p1): mounted filesystem 7164ffd8-d6e5-4c21-93e9-a9c32626bd4c with ordered data mode. Quota mode: none.
Apr 24 10:15:35 pop-os kernel: [    6.492392] EXT4-fs (nvme0n1p1): re-mounted 7164ffd8-d6e5-4c21-93e9-a9c32626bd4c. Quota mode: none.
Apr 24 10:15:35 pop-os kernel: [    6.527168] RPC: Registered named UNIX socket transport module.
Apr 24 10:15:35 pop-os kernel: [    6.527173] RPC: Registered udp transport module.
Apr 24 10:15:35 pop-os kernel: [    6.527175] RPC: Registered tcp transport module.
Apr 24 10:15:35 pop-os kernel: [    6.527177] RPC: Registered tcp NFSv4.1 backchannel transport module.
Apr 24 10:15:35 pop-os kernel: [    6.554465] lp: driver loaded but no devices found
Apr 24 10:15:35 pop-os kernel: [    6.562166] ppdev: user-space parallel port driver
Apr 24 10:15:35 pop-os kernel: [    6.567428] parport_pc 00:05: [io  0x0378-0x037b]
Apr 24 10:15:35 pop-os kernel: [    6.571317] parport_pc 00:05: activated
Apr 24 10:15:35 pop-os kernel: [    6.571323] parport_pc 00:05: reported by Plug and Play ACPI
Apr 24 10:15:35 pop-os kernel: [    6.588348] IPMI message handler: version 39.2
Apr 24 10:15:35 pop-os kernel: [    6.601434] ipmi device interface
Apr 24 10:15:35 pop-os kernel: [    6.640288] io scheduler kyber registered
Apr 24 10:15:35 pop-os kernel: [    6.929524] input: DELL Wireless hotkeys as /devices/virtual/input/input8
Apr 24 10:15:35 pop-os kernel: [    6.939128] Consider using thermal netlink events interface
Apr 24 10:15:35 pop-os kernel: [    7.130444] mei_me 0000:00:16.0: enabling device (0000 -> 0002)
Apr 24 10:15:35 pop-os kernel: [    7.141661] cfg80211: Loading compiled-in X.509 certificates for regulatory database
Apr 24 10:15:35 pop-os kernel: [    7.142822] cfg80211: Loaded X.509 cert 'sforshee: 00b28ddf47aef9cea7'
Apr 24 10:15:35 pop-os kernel: [    7.211812] dcdbas dcdbas: Dell Systems Management Base Driver (version 5.6.0-3.4)
Apr 24 10:15:35 pop-os kernel: [    7.217893] Intel(R) Wireless WiFi driver for Linux
Apr 24 10:15:35 pop-os kernel: [    7.234727] iwlwifi 0000:01:00.0: loaded firmware version 36.ca7b901d.0 8000C-36.ucode op_mode iwlmvm
Apr 24 10:15:35 pop-os kernel: [    7.270642] intel_rapl_common: Found RAPL domain package
Apr 24 10:15:35 pop-os kernel: [    7.270647] intel_rapl_common: Found RAPL domain dram
Apr 24 10:15:35 pop-os kernel: [    7.347864] mc: Linux media interface: v0.10
Apr 24 10:15:35 pop-os kernel: [    7.364689] RAPL PMU: API unit is 2^-32 Joules, 5 fixed counters, 655360 ms ovfl timer
Apr 24 10:15:35 pop-os kernel: [    7.364693] RAPL PMU: hw unit of domain pp0-core 2^-14 Joules
Apr 24 10:15:35 pop-os kernel: [    7.364694] RAPL PMU: hw unit of domain package 2^-14 Joules
Apr 24 10:15:35 pop-os kernel: [    7.364695] RAPL PMU: hw unit of domain dram 2^-14 Joules
Apr 24 10:15:35 pop-os kernel: [    7.364696] RAPL PMU: hw unit of domain pp1-gpu 2^-14 Joules
Apr 24 10:15:35 pop-os kernel: [    7.364697] RAPL PMU: hw unit of domain psys 2^-14 Joules
Apr 24 10:15:35 pop-os kernel: [    7.422732] iwlwifi 0000:01:00.0: Detected Intel(R) Dual Band Wireless AC 8260, REV=0x201
Apr 24 10:15:35 pop-os kernel: [    7.422850] thermal thermal_zone7: failed to read out thermal zone (-61)
Apr 24 10:15:35 pop-os kernel: [    7.431906] Bluetooth: Core ver 2.22
Apr 24 10:15:35 pop-os kernel: [    7.431935] NET: Registered PF_BLUETOOTH protocol family
Apr 24 10:15:35 pop-os kernel: [    7.431937] Bluetooth: HCI device and connection manager initialized
Apr 24 10:15:35 pop-os kernel: [    7.431942] Bluetooth: HCI socket layer initialized
Apr 24 10:15:35 pop-os kernel: [    7.431946] Bluetooth: L2CAP socket layer initialized
Apr 24 10:15:35 pop-os kernel: [    7.431951] Bluetooth: SCO socket layer initialized
Apr 24 10:15:35 pop-os kernel: [    7.493604] input: Dell WMI hotkeys as /devices/platform/PNP0C14:00/wmi_bus/wmi_bus-PNP0C14:00/9DBB5994-A997-11DA-B012-B622A1EF5492/input/input9
Apr 24 10:15:35 pop-os kernel: [    7.495631] videodev: Linux video capture interface: v2.00
Apr 24 10:15:35 pop-os kernel: [    7.514896] io scheduler bfq registered
Apr 24 10:15:35 pop-os kernel: [    7.518004] iwlwifi 0000:01:00.0: base HW address: f0:d5:bf:df:4a:6c, OTP minor version: 0x4
Apr 24 10:15:35 pop-os kernel: [    7.563918] usbcore: registered new interface driver btusb
Apr 24 10:15:35 pop-os kernel: [    7.569618] Bluetooth: hci0: Bootloader revision 0.0 build 2 week 52 2014
Apr 24 10:15:35 pop-os kernel: [    7.575838] Bluetooth: hci0: Device revision is 5
Apr 24 10:15:35 pop-os kernel: [    7.575844] Bluetooth: hci0: Secure boot is enabled
Apr 24 10:15:35 pop-os kernel: [    7.575845] Bluetooth: hci0: OTP lock is enabled
Apr 24 10:15:35 pop-os kernel: [    7.575847] Bluetooth: hci0: API lock is enabled
Apr 24 10:15:35 pop-os kernel: [    7.575849] Bluetooth: hci0: Debug lock is disabled
Apr 24 10:15:35 pop-os kernel: [    7.575850] Bluetooth: hci0: Minimum firmware build 1 week 10 2014
Apr 24 10:15:35 pop-os kernel: [    7.578861] Bluetooth: hci0: Found device firmware: intel/ibt-11-5.sfi
Apr 24 10:15:35 pop-os kernel: [    7.595629] usb 1-2: Found UVC 1.00 device Integrated_Webcam_HD (0bda:57c3)
Apr 24 10:15:35 pop-os kernel: [    7.602963] ieee80211 phy0: Selected rate control algorithm 'iwl-mvm-rs'
Apr 24 10:15:35 pop-os kernel: [    7.606541] input: Integrated_Webcam_HD: Integrate as /devices/pci0000:00/0000:00:14.0/usb1/1-2/1-2:1.0/input/input10
Apr 24 10:15:35 pop-os kernel: [    7.613525] dell_laptop: Using i8042 filter function for receiving events
Apr 24 10:15:35 pop-os kernel: [    7.621883] usbcore: registered new interface driver uvcvideo
Apr 24 10:15:35 pop-os kernel: [    7.695883] snd_hda_intel 0000:00:1f.3: bound 0000:00:02.0 (ops i915_audio_component_bind_ops [i915])
Apr 24 10:15:35 pop-os kernel: [    7.700416] intel_tcc_cooling: Programmable TCC Offset detected
Apr 24 10:15:35 pop-os kernel: [    7.795291] snd_hda_codec_realtek hdaudioC0D0: autoconfig for ALC3235: line_outs=1 (0x16/0x0/0x0/0x0/0x0) type:line
Apr 24 10:15:35 pop-os kernel: [    7.795299] snd_hda_codec_realtek hdaudioC0D0:    speaker_outs=1 (0x14/0x0/0x0/0x0/0x0)
Apr 24 10:15:35 pop-os kernel: [    7.795303] snd_hda_codec_realtek hdaudioC0D0:    hp_outs=1 (0x15/0x0/0x0/0x0/0x0)
Apr 24 10:15:35 pop-os kernel: [    7.795307] snd_hda_codec_realtek hdaudioC0D0:    mono: mono_out=0x0
Apr 24 10:15:35 pop-os kernel: [    7.795309] snd_hda_codec_realtek hdaudioC0D0:    inputs:
Apr 24 10:15:35 pop-os kernel: [    7.795311] snd_hda_codec_realtek hdaudioC0D0:      Headset Mic=0x1a
Apr 24 10:15:35 pop-os kernel: [    7.795314] snd_hda_codec_realtek hdaudioC0D0:      Dock Mic=0x19
Apr 24 10:15:35 pop-os kernel: [    7.795316] snd_hda_codec_realtek hdaudioC0D0:      Headphone Mic=0x18
Apr 24 10:15:35 pop-os kernel: [    7.795318] snd_hda_codec_realtek hdaudioC0D0:      Internal Mic=0x13
Apr 24 10:15:35 pop-os kernel: [    7.800510] intel_rapl_common: Found RAPL domain package
Apr 24 10:15:35 pop-os kernel: [    7.800514] intel_rapl_common: Found RAPL domain core
Apr 24 10:15:35 pop-os kernel: [    7.800519] intel_rapl_common: Found RAPL domain uncore
Apr 24 10:15:35 pop-os kernel: [    7.800521] intel_rapl_common: Found RAPL domain dram
Apr 24 10:15:35 pop-os kernel: [    7.800536] intel_rapl_common: Found RAPL domain psys
Apr 24 10:15:35 pop-os kernel: [    7.880873] input: HDA Intel PCH Dock Mic as /devices/pci0000:00/0000:00:1f.3/sound/card0/input11
Apr 24 10:15:35 pop-os kernel: [    7.880961] input: HDA Intel PCH Headphone Mic as /devices/pci0000:00/0000:00:1f.3/sound/card0/input12
Apr 24 10:15:35 pop-os kernel: [    7.881038] input: HDA Intel PCH Dock Line Out as /devices/pci0000:00/0000:00:1f.3/sound/card0/input13
Apr 24 10:15:35 pop-os kernel: [    7.881112] input: HDA Intel PCH HDMI/DP,pcm=3 as /devices/pci0000:00/0000:00:1f.3/sound/card0/input14
Apr 24 10:15:35 pop-os kernel: [    7.882007] input: HDA Intel PCH HDMI/DP,pcm=7 as /devices/pci0000:00/0000:00:1f.3/sound/card0/input15
Apr 24 10:15:35 pop-os kernel: [    7.882080] input: HDA Intel PCH HDMI/DP,pcm=8 as /devices/pci0000:00/0000:00:1f.3/sound/card0/input16
Apr 24 10:15:35 pop-os kernel: [    7.909230] iwlwifi 0000:01:00.0 wlp1s0: renamed from wlan0
Apr 24 10:15:35 pop-os kernel: [    8.091874] Adding 4193784k swap on /dev/mapper/cryptswap.  Priority:-2 extents:1 across:4193784k SSFS
Apr 24 10:15:35 pop-os kernel: [    8.134125] audit: type=1400 audit(1682327735.149:2): apparmor="STATUS" operation="profile_load" profile="unconfined" name="lsb_release" pid=591 comm="apparmor_parser"
Apr 24 10:15:35 pop-os kernel: [    8.134391] audit: type=1400 audit(1682327735.149:3): apparmor="STATUS" operation="profile_load" profile="unconfined" name="nvidia_modprobe" pid=592 comm="apparmor_parser"
Apr 24 10:15:35 pop-os kernel: [    8.134397] audit: type=1400 audit(1682327735.149:4): apparmor="STATUS" operation="profile_load" profile="unconfined" name="nvidia_modprobe//kmod" pid=592 comm="apparmor_parser"
Apr 24 10:15:35 pop-os kernel: [    8.140171] audit: type=1400 audit(1682327735.153:5): apparmor="STATUS" operation="profile_load" profile="unconfined" name="tcpdump" pid=596 comm="apparmor_parser"
Apr 24 10:15:35 pop-os kernel: [    8.141075] audit: type=1400 audit(1682327735.153:6): apparmor="STATUS" operation="profile_load" profile="unconfined" name="/usr/bin/man" pid=595 comm="apparmor_parser"
Apr 24 10:15:35 pop-os kernel: [    8.141082] audit: type=1400 audit(1682327735.153:7): apparmor="STATUS" operation="profile_load" profile="unconfined" name="man_filter" pid=595 comm="apparmor_parser"
Apr 24 10:15:35 pop-os kernel: [    8.141086] audit: type=1400 audit(1682327735.153:8): apparmor="STATUS" operation="profile_load" profile="unconfined" name="man_groff" pid=595 comm="apparmor_parser"
Apr 24 10:15:35 pop-os kernel: [    8.141834] audit: type=1400 audit(1682327735.157:9): apparmor="STATUS" operation="profile_load" profile="unconfined" name="/usr/lib/NetworkManager/nm-dhcp-client.action" pid=593 comm="apparmor_parser"
Apr 24 10:15:35 pop-os kernel: [    8.141841] audit: type=1400 audit(1682327735.157:10): apparmor="STATUS" operation="profile_load" profile="unconfined" name="/usr/lib/NetworkManager/nm-dhcp-helper" pid=593 comm="apparmor_parser"
Apr 24 10:15:35 pop-os kernel: [    8.141845] audit: type=1400 audit(1682327735.157:11): apparmor="STATUS" operation="profile_load" profile="unconfined" name="/usr/lib/connman/scripts/dhclient-script" pid=593 comm="apparmor_parser"
Apr 24 10:15:35 pop-os kernel: [    8.423118] zram: Added device: zram0
Apr 24 10:15:35 pop-os kernel: [    8.494726] nvidia: module license 'NVIDIA' taints kernel.
Apr 24 10:15:35 pop-os kernel: [    8.494735] Disabling lock debugging due to kernel taint
Apr 24 10:15:35 pop-os kernel: [    8.509441] zram0: detected capacity change from 0 to 15575040
Apr 24 10:15:35 pop-os kernel: [    8.538308] Adding 7787516k swap on /dev/zram0.  Priority:1000 extents:1 across:7787516k SSFS
Apr 24 10:15:35 pop-os kernel: [    8.740717] nvidia-nvlink: Nvlink Core is being initialized, major device number 507
Apr 24 10:15:35 pop-os kernel: [    8.740730] 
Apr 24 10:15:35 pop-os kernel: [    8.764602] Bluetooth: BNEP (Ethernet Emulation) ver 1.3
Apr 24 10:15:35 pop-os kernel: [    8.764609] Bluetooth: BNEP filters: protocol multicast
Apr 24 10:15:35 pop-os kernel: [    8.764639] Bluetooth: BNEP socket layer initialized
Apr 24 10:15:35 pop-os kernel: [    8.786576] NVRM: No NVIDIA GPU found.
Apr 24 10:15:35 pop-os kernel: [    8.786861] nvidia-nvlink: Unregistered Nvlink Core, major device number 507
Apr 24 10:15:36 pop-os kernel: [    8.998057] loop0: detected capacity change from 0 to 8
Apr 24 10:15:36 pop-os kernel: [    9.110954] Bluetooth: hci0: Waiting for firmware download to complete
Apr 24 10:15:36 pop-os kernel: [    9.111806] Bluetooth: hci0: Firmware loaded in 1497011 usecs
Apr 24 10:15:36 pop-os kernel: [    9.111859] Bluetooth: hci0: Waiting for device to boot
Apr 24 10:15:36 pop-os kernel: [    9.122809] Bluetooth: hci0: Device booted in 10717 usecs
Apr 24 10:15:36 pop-os kernel: [    9.122817] Bluetooth: hci0: Malformed MSFT vendor event: 0x02
Apr 24 10:15:36 pop-os kernel: [    9.123112] Bluetooth: hci0: Found Intel DDC parameters: intel/ibt-11-5.ddc
Apr 24 10:15:36 pop-os kernel: [    9.126826] Bluetooth: hci0: Applying Intel DDC parameters completed
Apr 24 10:15:36 pop-os kernel: [    9.127830] Bluetooth: hci0: Firmware revision 0.0 build 14 week 44 2021
Apr 24 10:15:36 pop-os kernel: [    9.173013] Bluetooth: MGMT ver 1.22
Apr 24 10:15:36 pop-os kernel: [    9.201256] NET: Registered PF_ALG protocol family
Apr 24 10:15:36 pop-os kernel: [    9.267455] Dynamic Preempt: voluntary
Apr 24 10:15:36 pop-os kernel: [    9.380792] Dynamic Preempt: voluntary
Apr 24 10:15:37 pop-os kernel: [   10.368350] nvidia-nvlink: Nvlink Core is being initialized, major device number 507
Apr 24 10:15:37 pop-os kernel: [   10.368362] NVRM: No NVIDIA GPU found.
Apr 24 10:15:37 pop-os kernel: [   10.370664] nvidia-nvlink: Unregistered Nvlink Core, major device number 507
Apr 24 10:15:37 pop-os kernel: [   10.505647] Bluetooth: RFCOMM TTY layer initialized
Apr 24 10:15:37 pop-os kernel: [   10.505657] Bluetooth: RFCOMM socket layer initialized
Apr 24 10:15:37 pop-os kernel: [   10.505664] Bluetooth: RFCOMM ver 1.11
Apr 24 10:15:39 pop-os kernel: [   12.643150] rfkill: input handler disabled
Apr 24 10:15:40 pop-os kernel: [   13.277349] wlp1s0: authenticate with 00:31:92:8d:01:4e
Apr 24 10:15:40 pop-os kernel: [   13.277365] wlp1s0: 80 MHz not supported, disabling VHT
Apr 24 10:15:40 pop-os kernel: [   13.286075] wlp1s0: send auth to 00:31:92:8d:01:4e (try 1/3)
Apr 24 10:15:40 pop-os kernel: [   13.292468] wlp1s0: authenticated
Apr 24 10:15:40 pop-os kernel: [   13.292702] wlp1s0: associating to AP 00:31:92:8d:01:4e with corrupt probe response
Apr 24 10:15:40 pop-os kernel: [   13.293191] wlp1s0: associate with 00:31:92:8d:01:4e (try 1/3)
Apr 24 10:15:40 pop-os kernel: [   13.304469] wlp1s0: RX AssocResp from 00:31:92:8d:01:4e (capab=0x431 status=0 aid=4)
Apr 24 10:15:40 pop-os kernel: [   13.309540] wlp1s0: associated
Apr 24 10:15:40 pop-os kernel: [   13.533658] IPv6: ADDRCONF(NETDEV_CHANGE): wlp1s0: link becomes ready
Apr 24 10:15:42 pop-os kernel: [   15.619607] vboxdrv: Found 4 processor cores
Apr 24 10:15:42 pop-os kernel: [   15.637475] vboxdrv: TSC mode is Invariant, tentative frequency 2495993377 Hz
Apr 24 10:15:42 pop-os kernel: [   15.637479] vboxdrv: Successfully loaded version 6.1.36_Ubuntu r152435 (interface 0x00320000)
Apr 24 10:15:42 pop-os kernel: [   15.651635] VBoxNetFlt: Successfully started.
Apr 24 10:15:42 pop-os kernel: [   15.664186] VBoxNetAdp: Successfully started.
Apr 24 10:15:42 pop-os kernel: [   15.701775] NFSD: Using nfsdcld client tracking operations.
Apr 24 10:15:42 pop-os kernel: [   15.701780] NFSD: no clients to reclaim, skipping NFSv4 grace period (net f0000000)
Apr 24 10:16:06 pop-os kernel: [   39.915788] rfkill: input handler enabled
Apr 24 10:16:06 pop-os kernel: [   40.205615] nvidia-nvlink: Nvlink Core is being initialized, major device number 507
Apr 24 10:16:06 pop-os kernel: [   40.205630] NVRM: No NVIDIA GPU found.
Apr 24 10:16:06 pop-os kernel: [   40.207394] nvidia-nvlink: Unregistered Nvlink Core, major device number 507
Apr 24 10:16:10 pop-os kernel: [   44.133976] rfkill: input handler disabled
Apr 24 10:16:11 pop-os kernel: [   44.745442] nvidia-nvlink: Nvlink Core is being initialized, major device number 507
Apr 24 10:16:11 pop-os kernel: [   44.745456] NVRM: No NVIDIA GPU found.
Apr 24 10:16:11 pop-os kernel: [   44.747669] nvidia-nvlink: Unregistered Nvlink Core, major device number 507
Apr 24 10:16:12 pop-os kernel: [   45.305765] nvidia-nvlink: Nvlink Core is being initialized, major device number 507
Apr 24 10:16:12 pop-os kernel: [   45.305776] NVRM: No NVIDIA GPU found.
Apr 24 10:16:12 pop-os kernel: [   45.323467] nvidia-nvlink: Unregistered Nvlink Core, major device number 507
Apr 24 10:16:38 pop-os kernel: [   72.280557] kauditd_printk_skb: 19 callbacks suppressed
Apr 24 10:16:38 pop-os kernel: [   72.280560] audit: type=1400 audit(1682327798.987:31): apparmor="ALLOWED" operation="open" class="file" profile="libreoffice-soffice" name="/home/twarga/.mozilla/firefox/ly7qwfwk.default-release/cert9.db" pid=3422 comm="soffice.bin" requested_mask="wc" denied_mask="wc" fsuid=1000 ouid=1000
Apr 24 10:16:38 pop-os kernel: [   72.280811] audit: type=1400 audit(1682327798.987:32): apparmor="ALLOWED" operation="file_lock" class="file" profile="libreoffice-soffice" name="/home/twarga/.mozilla/firefox/ly7qwfwk.default-release/cert9.db" pid=3422 comm="soffice.bin" requested_mask="k" denied_mask="k" fsuid=1000 ouid=1000
Apr 24 10:16:38 pop-os kernel: [   72.281544] audit: type=1400 audit(1682327798.987:33): apparmor="ALLOWED" operation="open" class="file" profile="libreoffice-soffice" name="/home/twarga/.mozilla/firefox/ly7qwfwk.default-release/key4.db" pid=3422 comm="soffice.bin" requested_mask="wrc" denied_mask="wrc" fsuid=1000 ouid=1000
Apr 24 10:16:38 pop-os kernel: [   72.281758] audit: type=1400 audit(1682327798.987:34): apparmor="ALLOWED" operation="file_lock" class="file" profile="libreoffice-soffice" name="/home/twarga/.mozilla/firefox/ly7qwfwk.default-release/key4.db" pid=3422 comm="soffice.bin" requested_mask="k" denied_mask="k" fsuid=1000 ouid=1000
